------------------------------------------------------------
TimeQuest Timing Analyzer Summary
------------------------------------------------------------

Type  : Slow 1200mV 85C Model Setup 'sck'
Slack : -4.050
TNS   : -1368.321

Type  : Slow 1200mV 85C Model Setup 'clk'
Slack : -1.581
TNS   : -6.287

Type  : Slow 1200mV 85C Model Setup 'keypadReader:kpr|slowclock:sclock|sclk'
Slack : -0.492
TNS   : -4.245

Type  : Slow 1200mV 85C Model Setup 'battleDisplay|vgapll|altpll_component|auto_generated|pll1|clk[0]'
Slack : 10.505
TNS   : 0.000

Type  : Slow 1200mV 85C Model Hold 'clk'
Slack : -0.031
TNS   : -0.031

Type  : Slow 1200mV 85C Model Hold 'sck'
Slack : 0.485
TNS   : 0.000

Type  : Slow 1200mV 85C Model Hold 'keypadReader:kpr|slowclock:sclock|sclk'
Slack : 0.527
TNS   : 0.000

Type  : Slow 1200mV 85C Model Hold 'battleDisplay|vgapll|altpll_component|auto_generated|pll1|clk[0]'
Slack : 0.762
TNS   : 0.000

Type  : Slow 1200mV 85C Model Minimum Pulse Width 'sck'
Slack : -3.201
TNS   : -688.382

Type  : Slow 1200mV 85C Model Minimum Pulse Width 'keypadReader:kpr|slowclock:sclock|sclk'
Slack : -1.487
TNS   : -16.357

Type  : Slow 1200mV 85C Model Minimum Pulse Width 'clk'
Slack : 12.289
TNS   : 0.000

Type  : Slow 1200mV 85C Model Minimum Pulse Width 'battleDisplay|vgapll|altpll_component|auto_generated|pll1|clk[0]'
Slack : 19.573
TNS   : 0.000

Type  : Slow 1200mV 0C Model Setup 'sck'
Slack : -3.780
TNS   : -1262.845

Type  : Slow 1200mV 0C Model Setup 'clk'
Slack : -1.365
TNS   : -5.370

Type  : Slow 1200mV 0C Model Setup 'keypadReader:kpr|slowclock:sclock|sclk'
Slack : -0.363
TNS   : -2.888

Type  : Slow 1200mV 0C Model Setup 'battleDisplay|vgapll|altpll_component|auto_generated|pll1|clk[0]'
Slack : 11.082
TNS   : 0.000

Type  : Slow 1200mV 0C Model Hold 'clk'
Slack : 0.090
TNS   : 0.000

Type  : Slow 1200mV 0C Model Hold 'sck'
Slack : 0.432
TNS   : 0.000

Type  : Slow 1200mV 0C Model Hold 'keypadReader:kpr|slowclock:sclock|sclk'
Slack : 0.487
TNS   : 0.000

Type  : Slow 1200mV 0C Model Hold 'battleDisplay|vgapll|altpll_component|auto_generated|pll1|clk[0]'
Slack : 0.707
TNS   : 0.000

Type  : Slow 1200mV 0C Model Minimum Pulse Width 'sck'
Slack : -3.201
TNS   : -688.714

Type  : Slow 1200mV 0C Model Minimum Pulse Width 'keypadReader:kpr|slowclock:sclock|sclk'
Slack : -1.487
TNS   : -16.357

Type  : Slow 1200mV 0C Model Minimum Pulse Width 'clk'
Slack : 12.297
TNS   : 0.000

Type  : Slow 1200mV 0C Model Minimum Pulse Width 'battleDisplay|vgapll|altpll_component|auto_generated|pll1|clk[0]'
Slack : 19.570
TNS   : 0.000

Type  : Fast 1200mV 0C Model Setup 'sck'
Slack : -1.189
TNS   : -337.487

Type  : Fast 1200mV 0C Model Setup 'clk'
Slack : -0.140
TNS   : -0.275

Type  : Fast 1200mV 0C Model Setup 'keypadReader:kpr|slowclock:sclock|sclk'
Slack : 0.352
TNS   : 0.000

Type  : Fast 1200mV 0C Model Setup 'battleDisplay|vgapll|altpll_component|auto_generated|pll1|clk[0]'
Slack : 15.814
TNS   : 0.000

Type  : Fast 1200mV 0C Model Hold 'clk'
Slack : -0.242
TNS   : -0.242

Type  : Fast 1200mV 0C Model Hold 'sck'
Slack : 0.047
TNS   : 0.000

Type  : Fast 1200mV 0C Model Hold 'keypadReader:kpr|slowclock:sclock|sclk'
Slack : 0.209
TNS   : 0.000

Type  : Fast 1200mV 0C Model Hold 'battleDisplay|vgapll|altpll_component|auto_generated|pll1|clk[0]'
Slack : 0.305
TNS   : 0.000

Type  : Fast 1200mV 0C Model Minimum Pulse Width 'sck'
Slack : -3.000
TNS   : -532.971

Type  : Fast 1200mV 0C Model Minimum Pulse Width 'keypadReader:kpr|slowclock:sclock|sclk'
Slack : -1.000
TNS   : -11.000

Type  : Fast 1200mV 0C Model Minimum Pulse Width 'clk'
Slack : 11.938
TNS   : 0.000

Type  : Fast 1200mV 0C Model Minimum Pulse Width 'battleDisplay|vgapll|altpll_component|auto_generated|pll1|clk[0]'
Slack : 19.598
TNS   : 0.000

------------------------------------------------------------
