Archive member included because of file (symbol)

c:/program files (x86)/microchip/mplabc32/v2.01/bin/../lib/gcc/pic32mx/4.5.1/../../../../pic32mx/lib\libc.a(memcpy.o)
                              Object - MDD File System-SD Card\battle-p.o (memcpy)
c:/program files (x86)/microchip/mplabc32/v2.01/bin/../lib/gcc/pic32mx/4.5.1/../../../../pic32mx/lib\libc.a(memset.o)
                              Object - MDD File System-SD Card\FSIO.o (memset)
c:/program files (x86)/microchip/mplabc32/v2.01/bin/../lib/gcc/pic32mx/4.5.1/../../../../pic32mx/lib\libc.a(strcpy.o)
                              Object - MDD File System-SD Card\FSIO.o (strcpy)
c:/program files (x86)/microchip/mplabc32/v2.01/bin/../lib/gcc/pic32mx/4.5.1/../../../../pic32mx/lib\libc.a(strlen.o)
                              Object - MDD File System-SD Card\FSIO.o (strlen)
c:/program files (x86)/microchip/mplabc32/v2.01/bin/../lib/gcc/pic32mx/4.5.1/../../../../pic32mx/lib\libc.a(general-exception.o)
                              c:/program files (x86)/microchip/mplabc32/v2.01/bin/../lib/gcc/pic32mx/4.5.1/../../../../pic32mx/lib/crt0.o (_general_exception_context)
c:/program files (x86)/microchip/mplabc32/v2.01/bin/../lib/gcc/pic32mx/4.5.1/../../../../pic32mx/lib\libc.a(ctypef.o)
                              Object - MDD File System-SD Card\FSIO.o (tolower)
c:/program files (x86)/microchip/mplabc32/v2.01/bin/../lib/gcc/pic32mx/4.5.1/../../../../pic32mx/lib\libc.a(rand.o)
                              Object - MDD File System-SD Card\global.o (srand)
c:/program files (x86)/microchip/mplabc32/v2.01/bin/../lib/gcc/pic32mx/4.5.1/../../../../pic32mx/lib\libc.a(strcat.o)
                              Object - MDD File System-SD Card\global.o (strcat)
c:/program files (x86)/microchip/mplabc32/v2.01/bin/../lib/gcc/pic32mx/4.5.1/../../../../pic32mx/lib\libc.a(strncpy.o)
                              Object - MDD File System-SD Card\FSIO.o (strncpy)
c:/program files (x86)/microchip/mplabc32/v2.01/bin/../lib/gcc/pic32mx/4.5.1/../../../../pic32mx/lib\libc.a(sprintf_cdnopsuxX.eo)
                              Object - MDD File System-SD Card\global.o (_sprintf_cdnopsuxX)
c:/program files (x86)/microchip/mplabc32/v2.01/bin/../lib/gcc/pic32mx/4.5.1/../../../../pic32mx/lib\libc.a(sprintf_s.eo)
                              Object - MDD File System-SD Card\battle-p.o (_sprintf_s)
c:/program files (x86)/microchip/mplabc32/v2.01/bin/../lib/gcc/pic32mx/4.5.1/../../../../pic32mx/lib\libc.a(default-general-exception-handler.o)
                              c:/program files (x86)/microchip/mplabc32/v2.01/bin/../lib/gcc/pic32mx/4.5.1/../../../../pic32mx/lib\libc.a(general-exception.o) (_general_exception_handler)
c:/program files (x86)/microchip/mplabc32/v2.01/bin/../lib/gcc/pic32mx/4.5.1/../../../../pic32mx/lib\libc.a(default-bootstrap-exception-handler.o)
                              c:/program files (x86)/microchip/mplabc32/v2.01/bin/../lib/gcc/pic32mx/4.5.1/../../../../pic32mx/lib/crt0.o (_bootstrap_exception_handler)
c:/program files (x86)/microchip/mplabc32/v2.01/bin/../lib/gcc/pic32mx/4.5.1/../../../../pic32mx/lib\libc.a(default-on-reset.o)
                              c:/program files (x86)/microchip/mplabc32/v2.01/bin/../lib/gcc/pic32mx/4.5.1/../../../../pic32mx/lib/crt0.o (_on_reset)
c:/program files (x86)/microchip/mplabc32/v2.01/bin/../lib/gcc/pic32mx/4.5.1/../../../../pic32mx/lib\libc.a(default-on-bootstrap.o)
                              c:/program files (x86)/microchip/mplabc32/v2.01/bin/../lib/gcc/pic32mx/4.5.1/../../../../pic32mx/lib/crt0.o (_on_bootstrap)
c:/program files (x86)/microchip/mplabc32/v2.01/bin/../lib/gcc/pic32mx/4.5.1/../../../../pic32mx/lib\libc.a(default-nmi-handler.o)
                              c:/program files (x86)/microchip/mplabc32/v2.01/bin/../lib/gcc/pic32mx/4.5.1/../../../../pic32mx/lib/crt0.o (_nmi_handler)
c:/program files (x86)/microchip/mplabc32/v2.01/bin/../lib/gcc/pic32mx/4.5.1/../../../../pic32mx/lib\libc.a(ctype.o)
                              c:/program files (x86)/microchip/mplabc32/v2.01/bin/../lib/gcc/pic32mx/4.5.1/../../../../pic32mx/lib\libc.a(ctypef.o) (_ctype)
c:/program files (x86)/microchip/mplabc32/v2.01/bin/../lib/gcc/pic32mx/4.5.1/../../../../pic32mx/lib\libc.a(doprnt_cdnopsuxX.eo)
                              c:/program files (x86)/microchip/mplabc32/v2.01/bin/../lib/gcc/pic32mx/4.5.1/../../../../pic32mx/lib\libc.a(sprintf_cdnopsuxX.eo) (_vfprintf_cdnopsuxX)
c:/program files (x86)/microchip/mplabc32/v2.01/bin/../lib/gcc/pic32mx/4.5.1/../../../../pic32mx/lib\libc.a(doprnt_s.eo)
                              c:/program files (x86)/microchip/mplabc32/v2.01/bin/../lib/gcc/pic32mx/4.5.1/../../../../pic32mx/lib\libc.a(sprintf_s.eo) (_vfprintf_s)
c:/program files (x86)/microchip/mplabc32/v2.01/bin/../lib/gcc/pic32mx/4.5.1/../../../../pic32mx/lib\libc.a(_fputc_simple.o)
[...]
Memory Configuration

Name             Origin             Length             Attributes
kseg0_program_mem 0x9d000000         0x00080000         xr
kseg0_boot_mem   0x9fc00490         0x00000970
exception_mem    0x9fc01000         0x00001000
kseg1_boot_mem   0xbfc00000         0x00000490
debug_exec_mem   0xbfc02000         0x00000ff0
config3          0xbfc02ff0         0x00000004
config2          0xbfc02ff4         0x00000004
config1          0xbfc02ff8         0x00000004
config0          0xbfc02ffc         0x00000004
kseg1_data_mem   0xa0000000         0x00010000         w !x
sfrs             0xbf800000         0x00100000
configsfrs       0xbfc02ff0         0x00000010
*default*        0x00000000         0xffffffff

Linker script and memory map

LOAD c:/program files (x86)/microchip/mplabc32/v2.01/bin/../lib/gcc/pic32mx/4.5.1/../../../../pic32mx/lib/crt0.o
                0x00000001                _DEBUGGER = 0x1
LOAD Object - MDD File System-SD Card\SD-SPI.o
LOAD Object - MDD File System-SD Card\FSIO.o
LOAD Object - MDD File System-SD Card\Demonstration1.o
LOAD Object - MDD File System-SD Card\buttons.o
LOAD Object - MDD File System-SD Card\sendspi.o
LOAD Object - MDD File System-SD Card\bitbang.o
LOAD Object - MDD File System-SD Card\battle-p.o
LOAD Object - MDD File System-SD Card\eor-p.o
LOAD Object - MDD File System-SD Card\game.o
LOAD Object - MDD File System-SD Card\global.o
LOAD Object - MDD File System-SD Card\input-p.o
LOAD Object - MDD File System-SD Card\win-p.o
                0x00000001                __MPLAB_BUILD = 0x1
                0x00000001                __MPLAB_DEBUG = 0x1
                0x00000001                __MPLAB_DEBUGGER_ICD3 = 0x1
                0x00000001                __ICD2RAM = 0x1
LOAD c:/program files (x86)/microchip/mplabc32/v2.01/bin/../lib/gcc/pic32mx/4.5.1\libgcc.a
START GROUP
LOAD c:/program files (x86)/microchip/mplabc32/v2.01/bin/../lib/gcc/pic32mx/4.5.1/../../../../pic32mx/lib\libdebug.a
LOAD c:/program files (x86)/microchip/mplabc32/v2.01/bin/../lib/gcc/pic32mx/4.5.1/../../../../pic32mx/lib\libc.a
LOAD c:/program files (x86)/microchip/mplabc32/v2.01/bin/../lib/gcc/pic32mx/4.5.1/../../../../pic32mx/lib\libm.a
LOAD c:/program files (x86)/microchip/mplabc32/v2.01/bin/../lib/gcc/pic32mx/4.5.1/../../../../pic32mx/lib\libe.a
LOAD c:/program files (x86)/microchip/mplabc32/v2.01/bin/../lib/gcc/pic32mx/4.5.1/../../../../pic32mx/lib\libdsp.a
LOAD c:/program files (x86)/microchip/mplabc32/v2.01/bin/../lib/gcc/pic32mx/4.5.1/../../../../pic32mx/lib\libmchp_peripheral.a
LOAD c:/program files (x86)/microchip/mplabc32/v2.01/bin/../lib/gcc/pic32mx/4.5.1/../../../../pic32mx/lib\libmchp_peripheral_32MX675F512H.a
END GROUP
LOAD c:/program files (x86)/microchip/mplabc32/v2.01/bin/../lib/gcc/pic32mx/4.5.1\libgcc.a
                0x00000400                PROVIDE (_min_stack_size, 0x400)
                0x00000000                PROVIDE (_min_heap_size, 0x0)
LOAD c:/program files (x86)/microchip/mplabc32/v2.01/bin/../lib/gcc/pic32mx/4.5.1/../../../../pic32mx/lib/./proc/32MX675F512H\processor.o
                0x00000001                PROVIDE (_vector_spacing, 0x1)
                0x9fc01000                _ebase_address = 0x9fc01000
                0xbfc00000                _RESET_ADDR = 0xbfc00000
                0xbfc00380                _BEV_EXCPT_ADDR = 0xbfc00380
                0xbfc00480                _DBG_EXCPT_ADDR = 0xbfc00480
                0xbfc02000                _DBG_CODE_ADDR = 0xbfc02000
                0x00000ff0                _DBG_CODE_SIZE = 0xff0
                0x9fc01180                _GEN_EXCPT_ADDR = (_ebase_address + 0x180)

.config_BFC02FF0
 *(.config_BFC02FF0)

.config_BFC02FF4
 *(.config_BFC02FF4)

.config_BFC02FF8
 *(.config_BFC02FF8)

.config_BFC02FFC
 *(.config_BFC02FFC)
                0xbfc02000                PROVIDE (_DBG_CODE_ADDR, 0xbfc02000)
                0x00000ff0                PROVIDE (_DBG_CODE_SIZE, 0xff0)

.reset          0xbfc00000      0x1f4
 *(.reset)
 .reset         0xbfc00000       0x10 c:/program files (x86)/microchip/mplabc32/v2.01/bin/../lib/gcc/pic32mx/4.5.1/../../../../pic32mx/lib/crt0.o
                0xbfc00000                _reset
 *(.reset.startup)
 .reset.startup
                0xbfc00010      0x1e4 c:/program files (x86)/microchip/mplabc32/v2.01/bin/../lib/gcc/pic32mx/4.5.1/../../../../pic32mx/lib/crt0.o

.bev_excpt      0xbfc00380       0x10
 *(.bev_handler)
 .bev_handler   0xbfc00380       0x10 c:/program files (x86)/microchip/mplabc32/v2.01/bin/../lib/gcc/pic32mx/4.5.1/../../../../pic32mx/lib/crt0.o

.dbg_excpt      0xbfc00480        0x8
                0xbfc00480                . = (. + DEFINED (_DEBUGGER)?0x8:0x0)
 *fill*         0xbfc00480        0x8 00

.dbg_code       0xbfc02000      0xff0
                0xbfc02000                . = (. + DEFINED (_DEBUGGER)?_DBG_CODE_SIZE:0x0)
 *fill*         0xbfc02000      0xff0 00

.app_excpt      0x9fc01180       0x10
 *(.gen_handler)
 .gen_handler   0x9fc01180       0x10 c:/program files (x86)/microchip/mplabc32/v2.01/bin/../lib/gcc/pic32mx/4.5.1/../../../../pic32mx/lib/crt0.o

.vector_0       0x9fc01200        0x0
 *(.vector_0)
                0x00000001                ASSERT (((_vector_spacing == 0x0) || (SIZEOF (.vector_0) <= (_vector_spacing << 0x5))), function at exception vector 0 too large)

.vector_1       0x9fc01220        0x0
 *(.vector_1)
                0x00000001                ASSERT (((_vector_spacing == 0x0) || (SIZEOF (.vector_1) <= (_vector_spacing << 0x5))), function at exception vector 1 too large)

.vector_2       0x9fc01240        0x0
 *(.vector_2)
                0x00000001                ASSERT (((_vector_spacing == 0x0) || (SIZEOF (.vector_2) <= (_vector_spacing << 0x5))), function at exception vector 2 too large)

.vector_3       0x9fc01260        0x0
 *(.vector_3)
                0x00000001                ASSERT (((_vector_spacing == 0x0) || (SIZEOF (.vector_3) <= (_vector_spacing << 0x5))), function at exception vector 3 too large)

.vector_4       0x9fc01280        0x0
 *(.vector_4)
                0x00000001                ASSERT (((_vector_spacing == 0x0) || (SIZEOF (.vector_4) <= (_vector_spacing << 0x5))), function at exception vector 4 too large)

.vector_5       0x9fc012a0        0x0
 *(.vector_5)
                0x00000001                ASSERT (((_vector_spacing == 0x0) || (SIZEOF (.vector_5) <= (_vector_spacing << 0x5))), function at exception vector 5 too large)

.vector_6       0x9fc012c0        0x0
 *(.vector_6)
                0x00000001                ASSERT (((_vector_spacing == 0x0) || (SIZEOF (.vector_6) <= (_vector_spacing << 0x5))), function at exception vector 6 too large)

.vector_7       0x9fc012e0        0x0
 *(.vector_7)
                0x00000001                ASSERT (((_vector_spacing == 0x0) || (SIZEOF (.vector_7) <= (_vector_spacing << 0x5))), function at exception vector 7 too large)

.vector_8       0x9fc01300        0x0
 *(.vector_8)
                0x00000001                ASSERT (((_vector_spacing == 0x0) || (SIZEOF (.vector_8) <= (_vector_spacing << 0x5))), function at exception vector 8 too large)

.vector_9       0x9fc01320        0x0
 *(.vector_9)
                0x00000001                ASSERT (((_vector_spacing == 0x0) || (SIZEOF (.vector_9) <= (_vector_spacing << 0x5))), function at exception vector 9 too large)

.vector_10      0x9fc01340        0x0
 *(.vector_10)
                0x00000001                ASSERT (((_vector_spacing == 0x0) || (SIZEOF (.vector_10) <= (_vector_spacing << 0x5))), function at exception vector 10 too large)

.vector_11      0x9fc01360        0x0
 *(.vector_11)
                0x00000001                ASSERT (((_vector_spacing == 0x0) || (SIZEOF (.vector_11) <= (_vector_spacing << 0x5))), function at exception vector 11 too large)

.vector_12      0x9fc01380        0x0
 *(.vector_12)
                0x00000001                ASSERT (((_vector_spacing == 0x0) || (SIZEOF (.vector_12) <= (_vector_spacing << 0x5))), function at exception vector 12 too large)

.vector_13      0x9fc013a0        0x0
 *(.vector_13)
                0x00000001                ASSERT (((_vector_spacing == 0x0) || (SIZEOF (.vector_13) <= (_vector_spacing << 0x5))), function at exception vector 13 too large)

.vector_14      0x9fc013c0        0x0
 *(.vector_14)
                0x00000001                ASSERT (((_vector_spacing == 0x0) || (SIZEOF (.vector_14) <= (_vector_spacing << 0x5))), function at exception vector 14 too large)

.vector_15      0x9fc013e0        0x0
 *(.vector_15)
                0x00000001                ASSERT (((_vector_spacing == 0x0) || (SIZEOF (.vector_15) <= (_vector_spacing << 0x5))), function at exception vector 15 too large)

.vector_16      0x9fc01400        0x0
 *(.vector_16)
                0x00000001                ASSERT (((_vector_spacing == 0x0) || (SIZEOF (.vector_16) <= (_vector_spacing << 0x5))), function at exception vector 16 too large)

.vector_17      0x9fc01420        0x0
 *(.vector_17)
                0x00000001                ASSERT (((_vector_spacing == 0x0) || (SIZEOF (.vector_17) <= (_vector_spacing << 0x5))), function at exception vector 17 too large)

.vector_18      0x9fc01440        0x0
 *(.vector_18)
                0x00000001                ASSERT (((_vector_spacing == 0x0) || (SIZEOF (.vector_18) <= (_vector_spacing << 0x5))), function at exception vector 18 too large)

.vector_19      0x9fc01460        0x0
 *(.vector_19)
                0x00000001                ASSERT (((_vector_spacing == 0x0) || (SIZEOF (.vector_19) <= (_vector_spacing << 0x5))), function at exception vector 19 too large)

.vector_20      0x9fc01480        0x0
 *(.vector_20)
                0x00000001                ASSERT (((_vector_spacing == 0x0) || (SIZEOF (.vector_20) <= (_vector_spacing << 0x5))), function at exception vector 20 too large)

.vector_21      0x9fc014a0        0x0
 *(.vector_21)
                0x00000001                ASSERT (((_vector_spacing == 0x0) || (SIZEOF (.vector_21) <= (_vector_spacing << 0x5))), function at exception vector 21 too large)

.vector_22      0x9fc014c0        0x0
 *(.vector_22)
                0x00000001                ASSERT (((_vector_spacing == 0x0) || (SIZEOF (.vector_22) <= (_vector_spacing << 0x5))), function at exception vector 22 too large)

.vector_23      0x9fc014e0        0x0
 *(.vector_23)
                0x00000001                ASSERT (((_vector_spacing == 0x0) || (SIZEOF (.vector_23) <= (_vector_spacing << 0x5))), function at exception vector 23 too large)

.vector_24      0x9fc01500        0x0
 *(.vector_24)
                0x00000001                ASSERT (((_vector_spacing == 0x0) || (SIZEOF (.vector_24) <= (_vector_spacing << 0x5))), function at exception vector 24 too large)

.vector_25      0x9fc01520        0x0
 *(.vector_25)
                0x00000001                ASSERT (((_vector_spacing == 0x0) || (SIZEOF (.vector_25) <= (_vector_spacing << 0x5))), function at exception vector 25 too large)

.vector_26      0x9fc01540        0x0
 *(.vector_26)
                0x00000001                ASSERT (((_vector_spacing == 0x0) || (SIZEOF (.vector_26) <= (_vector_spacing << 0x5))), function at exception vector 26 too large)

.vector_27      0x9fc01560        0x0
 *(.vector_27)
                0x00000001                ASSERT (((_vector_spacing == 0x0) || (SIZEOF (.vector_27) <= (_vector_spacing << 0x5))), function at exception vector 27 too large)

.vector_28      0x9fc01580        0x0
 *(.vector_28)
                0x00000001                ASSERT (((_vector_spacing == 0x0) || (SIZEOF (.vector_28) <= (_vector_spacing << 0x5))), function at exception vector 28 too large)

.vector_29      0x9fc015a0        0x0
 *(.vector_29)
                0x00000001                ASSERT (((_vector_spacing == 0x0) || (SIZEOF (.vector_29) <= (_vector_spacing << 0x5))), function at exception vector 29 too large)

.vector_30      0x9fc015c0        0x0
 *(.vector_30)
                0x00000001                ASSERT (((_vector_spacing == 0x0) || (SIZEOF (.vector_30) <= (_vector_spacing << 0x5))), function at exception vector 30 too large)

.vector_31      0x9fc015e0        0x0
 *(.vector_31)
                0x00000001                ASSERT (((_vector_spacing == 0x0) || (SIZEOF (.vector_31) <= (_vector_spacing << 0x5))), function at exception vector 31 too large)

.vector_32      0x9fc01600        0x0
 *(.vector_32)
                0x00000001                ASSERT (((_vector_spacing == 0x0) || (SIZEOF (.vector_32) <= (_vector_spacing << 0x5))), function at exception vector 32 too large)

.vector_33      0x9fc01620        0x0
 *(.vector_33)
                0x00000001                ASSERT (((_vector_spacing == 0x0) || (SIZEOF (.vector_33) <= (_vector_spacing << 0x5))), function at exception vector 33 too large)

.vector_34      0x9fc01640        0x0
 *(.vector_34)
                0x00000001                ASSERT (((_vector_spacing == 0x0) || (SIZEOF (.vector_34) <= (_vector_spacing << 0x5))), function at exception vector 34 too large)

.vector_35      0x9fc01660        0x0
 *(.vector_35)
                0x00000001                ASSERT (((_vector_spacing == 0x0) || (SIZEOF (.vector_35) <= (_vector_spacing << 0x5))), function at exception vector 35 too large)

.vector_36      0x9fc01680        0x0
 *(.vector_36)
                0x00000001                ASSERT (((_vector_spacing == 0x0) || (SIZEOF (.vector_36) <= (_vector_spacing << 0x5))), function at exception vector 36 too large)

.vector_37      0x9fc016a0        0x0
 *(.vector_37)
                0x00000001                ASSERT (((_vector_spacing == 0x0) || (SIZEOF (.vector_37) <= (_vector_spacing << 0x5))), function at exception vector 37 too large)

.vector_38      0x9fc016c0        0x0
 *(.vector_38)
                0x00000001                ASSERT (((_vector_spacing == 0x0) || (SIZEOF (.vector_38) <= (_vector_spacing << 0x5))), function at exception vector 38 too large)

.vector_39      0x9fc016e0        0x0
 *(.vector_39)
                0x00000001                ASSERT (((_vector_spacing == 0x0) || (SIZEOF (.vector_39) <= (_vector_spacing << 0x5))), function at exception vector 39 too large)

.vector_40      0x9fc01700        0x0
 *(.vector_40)
                0x00000001                ASSERT (((_vector_spacing == 0x0) || (SIZEOF (.vector_40) <= (_vector_spacing << 0x5))), function at exception vector 40 too large)

.vector_41      0x9fc01720        0x0
 *(.vector_41)
                0x00000001                ASSERT (((_vector_spacing == 0x0) || (SIZEOF (.vector_41) <= (_vector_spacing << 0x5))), function at exception vector 41 too large)

.vector_42      0x9fc01740        0x0
 *(.vector_42)
                0x00000001                ASSERT (((_vector_spacing == 0x0) || (SIZEOF (.vector_42) <= (_vector_spacing << 0x5))), function at exception vector 42 too large)

.vector_43      0x9fc01760        0x0
 *(.vector_43)
                0x00000001                ASSERT (((_vector_spacing == 0x0) || (SIZEOF (.vector_43) <= (_vector_spacing << 0x5))), function at exception vector 43 too large)

.vector_44      0x9fc01780        0x0
 *(.vector_44)
                0x00000001                ASSERT (((_vector_spacing == 0x0) || (SIZEOF (.vector_44) <= (_vector_spacing << 0x5))), function at exception vector 44 too large)

.vector_45      0x9fc017a0        0x0
 *(.vector_45)
                0x00000001                ASSERT (((_vector_spacing == 0x0) || (SIZEOF (.vector_45) <= (_vector_spacing << 0x5))), function at exception vector 45 too large)

.vector_46      0x9fc017c0        0x0
 *(.vector_46)
                0x00000001                ASSERT (((_vector_spacing == 0x0) || (SIZEOF (.vector_46) <= (_vector_spacing << 0x5))), function at exception vector 46 too large)

.vector_47      0x9fc017e0        0x0
 *(.vector_47)
                0x00000001                ASSERT (((_vector_spacing == 0x0) || (SIZEOF (.vector_47) <= (_vector_spacing << 0x5))), function at exception vector 47 too large)

.vector_48      0x9fc01800        0x0
 *(.vector_48)
                0x00000001                ASSERT (((_vector_spacing == 0x0) || (SIZEOF (.vector_48) <= (_vector_spacing << 0x5))), function at exception vector 48 too large)

.vector_49      0x9fc01820        0x0
 *(.vector_49)
                0x00000001                ASSERT (((_vector_spacing == 0x0) || (SIZEOF (.vector_49) <= (_vector_spacing << 0x5))), function at exception vector 49 too large)

.vector_50      0x9fc01840        0x0
 *(.vector_50)
                0x00000001                ASSERT (((_vector_spacing == 0x0) || (SIZEOF (.vector_50) <= (_vector_spacing << 0x5))), function at exception vector 50 too large)

.vector_51      0x9fc01860        0x0
 *(.vector_51)
                0x00000001                ASSERT (((_vector_spacing == 0x0) || (SIZEOF (.vector_51) <= (_vector_spacing << 0x5))), function at exception vector 51 too large)

.vector_52      0x9fc01880        0x0
 *(.vector_52)
                0x00000001                ASSERT (((_vector_spacing == 0x0) || (SIZEOF (.vector_52) <= (_vector_spacing << 0x5))), function at exception vector 52 too large)

.vector_53      0x9fc018a0        0x0
 *(.vector_53)
                0x00000001                ASSERT (((_vector_spacing == 0x0) || (SIZEOF (.vector_53) <= (_vector_spacing << 0x5))), function at exception vector 53 too large)

.vector_54      0x9fc018c0        0x0
 *(.vector_54)
                0x00000001                ASSERT (((_vector_spacing == 0x0) || (SIZEOF (.vector_54) <= (_vector_spacing << 0x5))), function at exception vector 54 too large)

.vector_55      0x9fc018e0        0x0
 *(.vector_55)
                0x00000001                ASSERT (((_vector_spacing == 0x0) || (SIZEOF (.vector_55) <= (_vector_spacing << 0x5))), function at exception vector 55 too large)

.vector_56      0x9fc01900        0x0
 *(.vector_56)
                0x00000001                ASSERT (((_vector_spacing == 0x0) || (SIZEOF (.vector_56) <= (_vector_spacing << 0x5))), function at exception vector 56 too large)

.vector_57      0x9fc01920        0x0
 *(.vector_57)
                0x00000001                ASSERT (((_vector_spacing == 0x0) || (SIZEOF (.vector_57) <= (_vector_spacing << 0x5))), function at exception vector 57 too large)

.vector_58      0x9fc01940        0x0
 *(.vector_58)
                0x00000001                ASSERT (((_vector_spacing == 0x0) || (SIZEOF (.vector_58) <= (_vector_spacing << 0x5))), function at exception vector 58 too large)

.vector_59      0x9fc01960        0x0
 *(.vector_59)
                0x00000001                ASSERT (((_vector_spacing == 0x0) || (SIZEOF (.vector_59) <= (_vector_spacing << 0x5))), function at exception vector 59 too large)

.vector_60      0x9fc01980        0x0
 *(.vector_60)
                0x00000001                ASSERT (((_vector_spacing == 0x0) || (SIZEOF (.vector_60) <= (_vector_spacing << 0x5))), function at exception vector 60 too large)

.vector_61      0x9fc019a0        0x0
 *(.vector_61)
                0x00000001                ASSERT (((_vector_spacing == 0x0) || (SIZEOF (.vector_61) <= (_vector_spacing << 0x5))), function at exception vector 61 too large)

.vector_62      0x9fc019c0        0x0
 *(.vector_62)
                0x00000001                ASSERT (((_vector_spacing == 0x0) || (SIZEOF (.vector_62) <= (_vector_spacing << 0x5))), function at exception vector 62 too large)

.vector_63      0x9fc019e0        0x0
 *(.vector_63)
                0x00000001                ASSERT (((_vector_spacing == 0x0) || (SIZEOF (.vector_63) <= (_vector_spacing << 0x5))), function at exception vector 63 too large)

.startup
 *(.startup)

.text
 *(.stub .gnu.linkonce.t.*)
 *(.text.*personality*)
 *(.mips16.fn.*)
 *(.mips16.call.*)
 *(.gnu.warning)

.rodata         0x9d000000      0x854
 *(.rodata.* .gnu.linkonce.r.*)
 .rodata._SpiBrgConvTbl
                0x9d000000       0x80 c:/program files (x86)/microchip/mplabc32/v2.01/bin/../lib/gcc/pic32mx/4.5.1/../../../../pic32mx/lib\libmchp_peripheral_32MX675F512H.a(spi_brg_tbl_lib_legacy.o)
                0x9d000000                _SpiBrgConvTbl
 .rodata.__IntSrcTbl
                0x9d000080      0x51c c:/program files (x86)/microchip/mplabc32/v2.01/bin/../lib/gcc/pic32mx/4.5.1/../../../../pic32mx/lib\libmchp_peripheral_32MX675F512H.a(int_tbl_lib.o)
                0x9d000080                __IntSrcTbl
 .rodata.__IntVectorTbl
                0x9d00059c      0x2b8 c:/program files (x86)/microchip/mplabc32/v2.01/bin/../lib/gcc/pic32mx/4.5.1/../../../../pic32mx/lib\libmchp_peripheral_32MX675F512H.a(int_tbl_lib.o)
                0x9d00059c                __IntVectorTbl
 *(.rodata1)
                0x9d000854                . = ALIGN (0x4)

.sdata2         0x9d000854        0x0
 *(.sdata2 .sdata2.* .gnu.linkonce.s2.*)
                0x9d000854                . = ALIGN (0x4)

.sbss2          0x9d000854        0x0
 *(.sbss2 .sbss2.* .gnu.linkonce.sb2.*)
                0x9d000854                . = ALIGN (0x4)

.eh_frame_hdr
 *(.eh_frame_hdr)

.eh_frame
 *(.eh_frame)

.dbg_data       0xa0000000      0x200
                0xa0000000                . = (. + DEFINED (_DEBUGGER)?0x200:0x0)
 *fill*         0xa0000000      0x200 00

.persist        0xa0000200        0x0
                0xa0000200                _persist_begin = .
 *(.persist .persist.*)
                0xa0000200                . = ALIGN (0x4)
                0xa0000200                _persist_end = .

.eh_frame       0xa0000200       0x3c
 *(.eh_frame)
 .eh_frame      0xa0000200       0x28 c:/program files (x86)/microchip/mplabc32/v2.01/bin/../lib/gcc/pic32mx/4.5.1\libgcc.a(_udivdi3.o)
 .eh_frame      0xa0000228       0x14 c:/program files (x86)/microchip/mplabc32/v2.01/bin/../lib/gcc/pic32mx/4.5.1\libgcc.a(_umoddi3.o)
                                 0x28 (size before relaxing)
                0xa000023c                . = .
                0xa0008230                _gp = (ALIGN (0x10) + 0x7ff0)

.got
 *(.got.plt)
 *(.got)

.sdata          0xa000023c       0x20
                0xa000023c                _sdata_begin = .
 *(.sdata .sdata.* .gnu.linkonce.s.*)
 .sdata         0xa000023c        0xc Object - MDD File System-SD Card\FSIO.o
                0xa000023c                gLastFATSectorRead
                0xa0000240                gLastDataSectorRead
                0xa0000244                cwdptr
 .sdata         0xa0000248        0x4 Object - MDD File System-SD Card\Demonstration1.o
                0xa0000248                send2
 .sdata         0xa000024c        0x4 c:/program files (x86)/microchip/mplabc32/v2.01/bin/../lib/gcc/pic32mx/4.5.1/../../../../pic32mx/lib\libc.a(_iob.o)
                0xa000024c                _Files
 .sdata         0xa0000250        0x4 c:/program files (x86)/microchip/mplabc32/v2.01/bin/../lib/gcc/pic32mx/4.5.1/../../../../pic32mx/lib\libc.a(c32_uart.o)
                0xa0000250                __C32_UART
 .sdata._RtccWaitClkStepSz
                0xa0000254        0x4 c:/program files (x86)/microchip/mplabc32/v2.01/bin/../lib/gcc/pic32mx/4.5.1/../../../../pic32mx/lib\libmchp_peripheral_32MX675F512H.a(_rtcc_wait_clock_off_lib.o)
                0xa0000254                _RtccWaitClkStepSz
 .sdata._RtccWaitClkSteps
                0xa0000258        0x4 c:/program files (x86)/microchip/mplabc32/v2.01/bin/../lib/gcc/pic32mx/4.5.1/../../../../pic32mx/lib\libmchp_peripheral_32MX675F512H.a(_rtcc_wait_clock_off_lib.o)
                0xa0000258                _RtccWaitClkSteps
                0xa000025c                _sdata_end = .

.lit8
 *(.lit8)

.lit4
 *(.lit4)
                0xa000025c                . = ALIGN (0x4)
                0xa000025c                _data_end = .
                0xa000025c                _bss_begin = .

.sbss           0xa000025c       0x61
                0xa000025c                _sbss_begin = .
 *(.dynsbss)
 *(.sbss .sbss.* .gnu.linkonce.sb.*)
 .sbss          0xa000025c       0x1c Object - MDD File System-SD Card\SD-SPI.o
 .sbss          0xa0000278       0x14 Object - MDD File System-SD Card\FSIO.o
                0xa0000278                gNeedFATWrite
                0xa000027c                gBufferOwner
                0xa0000280                gNeedDataWrite
                0xa0000281                nextClusterIsLast
                0xa0000282                gBufferZeroed
                0xa0000283                recache
                0xa0000284                utfModeFileName
                0xa0000288                twoByteMode
 .sbss          0xa000028c        0x1 c:/program files (x86)/microchip/mplabc32/v2.01/bin/../lib/gcc/pic32mx/4.5.1/../../../../pic32mx/lib\libc.a(_iob.o)
                0xa000028c                _outdone
 *(.scommon)
 *fill*         0xa000028d        0x3 00
 .scommon       0xa0000290        0x7 Object - MDD File System-SD Card\SD-SPI.o
                0xa0000290                MDD_SDSPI_finalLBA
                0xa0000294                gMediaSectorSize
                0xa0000296                gSDMode
 *fill*         0xa0000297        0x1 00
 .scommon       0xa0000298       0x1e Object - MDD File System-SD Card\FSIO.o
                0xa0000298                gFileSlotOpen
                0xa000029c                asciiFilename
                0xa00002a0                recordSearchLength
                0xa00002a4                utf16Filename
                0xa00002a8                FatRootDirClusterValue
                0xa00002ac                fileNameLength
                0xa00002b0                TempClusterCalc
                0xa00002b4                dirCleared
                0xa00002b5                FSerrno
 *fill*         0xa00002b6        0x2 00
 .scommon       0xa00002b8        0x5 Object - MDD File System-SD Card\battle-p.o
                0xa00002b8                input_player
                0xa00002bc                text_count
 .scommon       0xa00002bd        0x0 Object - MDD File System-SD Card\eor-p.o
 .scommon       0xa00002bd        0x0 Object - MDD File System-SD Card\game.o
 .scommon       0xa00002bd        0x0 Object - MDD File System-SD Card\global.o
 .scommon       0xa00002bd        0x0 Object - MDD File System-SD Card\input-p.o
 .scommon       0xa00002bd        0x0 Object - MDD File System-SD Card\win-p.o
                0xa00002bd                _sbss_end = .

.bss            0xa00002c0     0x5e44
 *(.dynbss)
 *(COMMON)
 COMMON         0xa00002c0     0x13f2 Object - MDD File System-SD Card\FSIO.o
                0xa00002c0                gDataBuffer
                0xa00004c0                tempDirectoryString
                0xa00006cc                cwd
                0xa0000710                tempCWDobj
                0xa0000754                recordFoundName
                0xa0000958                gFATBuffer
                0xa0000b58                gFileArray
                0xa0000c24                recordSearchName
                0xa0000e28                gDiskData
                0xa0000e50                fileFoundString
                0xa000105c                gFileTemp
                0xa00010a0                defaultArray
                0xa00010ac                lfnData
 *fill*         0xa00016b2        0x2 00
 COMMON         0xa00016b4       0x32 Object - MDD File System-SD Card\Demonstration1.o
                0xa00016b4                receiveBuffer
 *fill*         0xa00016e6        0x2 00
 COMMON         0xa00016e8      0xc38 Object - MDD File System-SD Card\battle-p.o
                0xa00016e8                fpkmn_menu
                0xa0001770                fight_menu
                0xa00017f8                msg
                0xa00019f8                BLUE
                0xa0001a2c                text
                0xa0001c2c                battle
                0xa0001c44                run_menu
                0xa0001ccc                echart
                0xa00021dc                pkmn_menu
                0xa0002264                turn_menu
                0xa00022ec                RED
 COMMON         0xa0002320     0x36f4 Object - MDD File System-SD Card\game.o
                0xa0002320                TENTACRUEL
                0xa0002354                BONECLUB
                0xa000238c                SELFDESTRUCT
                0xa00023c4                WATERGUN
                0xa00023fc                GROWLITHE
                0xa0002430                PSYBEAM
                0xa0002468                PERSIAN
                0xa000249c                SANDATTACK
                0xa00024d4                GRIMER
                0xa0002508                WITHDRAW
                0xa0002540                NIDORINO
                0xa0002574                PORYGON
                0xa00025a8                BITE
                0xa00025e0                FLASH
                0xa0002618                GOLEM
                0xa000264c                SLASH
                0xa0002684                SQUIRTLE
                0xa00026b8                PRIMEAPE
                0xa00026ec                VICEGRIP
                0xa0002724                RAICHU
                0xa0002758                SWORDSDANCE
                0xa0002790                BARRIER
                0xa00027c8                SHELLDER
                0xa00027fc                HORSEA
                0xa0002830                CHARMANDER
                0xa0002864                KANGASKHAN
                0xa0002898                POISONGAS
                0xa00028d0                CONFUSION
                0xa0002908                VULPIX
                0xa000293c                EARTHQUAKE
                0xa0002974                SURF
                0xa00029ac                NIDOKING
                0xa00029e0                POLIWAG
                0xa0002a14                MANKEY
                0xa0002a48                SEADRA
                0xa0002a7c                HEADBUTT
                0xa0002ab4                SPLASH
                0xa0002aec                THUNDERBOLT
                0xa0002b24                SUBMISSION
                0xa0002b5c                MACHOP
                0xa0002b90                SNORLAX
                0xa0002bc4                STARMIE
                0xa0002bf8                RAZORLEAF
                0xa0002c30                VICTREEBEL
                0xa0002c64                EGGBOMB
                0xa0002c9c                MAGMAR
                0xa0002cd0                GEODUDE
                0xa0002d04                CLEFAIRY
                0xa0002d38                STRENGTH
                0xa0002d70                HAUNTER
                0xa0002da4                CHARIZARD
                0xa0002dd8                ICEPUNCH
                0xa0002e10                DIGLETT
                0xa0002e44                POLIWHIRL
                0xa0002e78                DITTO
                0xa0002eac                CONSTRICT
                0xa0002ee4                THUNDERSHOCK
                0xa0002f1c                KOFFING
                0xa0002f50                BUTTERFREE
                0xa0002f84                HORNDRILL
                0xa0002fbc                DIZZYPUNCH
                0xa0002ff4                CRABHAMMER
                0xa000302c                PIDGEOT
                0xa0003060                SMOKESCREEN
                0xa0003098                GRAVELER
                0xa00030cc                WEEZING
                0xa0003100                PSYCHIC
                0xa0003138                SANDSHREW
                0xa000316c                ELECTRODE
                0xa00031a0                HYDROPUMP
                0xa00031d8                AGILITY
                0xa0003210                EMBER
                0xa0003248                DRAGONAIR
                0xa000327c                ROLLINGKICK
                0xa00032b4                JOLTEON
                0xa00032e8                DRILLPECK
                0xa0003320                PIDGEY
                0xa0003354                HYPNOSIS
                0xa000338c                EXPLOSION
                0xa00033c4                WEEPINBELL
                0xa00033f8                TACKLE
                0xa0003430                ELECTABUZZ
                0xa0003464                FISSURE
                0xa000349c                CONFUSERAY
                0xa00034d4                BELLSPROUT
                0xa0003508                POISONSTING
                0xa0003540                MINIMIZE
                0xa0003578                SLOWBRO
                0xa00035ac                ACIDARMOR
                0xa00035e4                PIKACHU
                0xa0003618                FEAROW
                0xa000364c                STOMP
                0xa0003684                PARAS
                0xa00036b8                ABRA
                0xa00036ec                MAGIKARP
                0xa0003720                RHYHORN
                0xa0003754                BLASTOISE
                0xa0003788                CLOYSTER
                0xa00037bc                KARATECHOP
                0xa00037f4                RATICATE
                0xa0003828                JYNX
                0xa000385c                OMANYTE
                0xa0003890                SANDSLASH
                0xa00038c4                ARBOK
                0xa00038f8                LEECHLIFE
                0xa0003930                SCRATCH
                0xa0003968                HORNATTACK
                0xa00039a0                KRABBY
                0xa00039d4                LICK
                0xa0003a0c                DOUBLETEAM
                0xa0003a44                ROCKSLIDE
                0xa0003a7c                NINETALES
                0xa0003ab0                CHARMELEON
                0xa0003ae4                MACHOKE
                0xa0003b18                KINGLER
                0xa0003b4c                WEEDLE
                0xa0003b80                VENONAT
                0xa0003bb4                MAGNEMITE
                0xa0003be8                PINMISSILE
                0xa0003c20                DEWGONG
                0xa0003c54                NIDORAN_M
                0xa0003c88                SMOG
                0xa0003cc0                NIDORAN_F
                0xa0003cf4                KABUTO
                0xa0003d28                BUBBLE
                0xa0003d60                LOVELYKISS
                0xa0003d98                HYPERBEAM
                0xa0003dd0                MAROWAK
                0xa0003e04                MACHAMP
                0xa0003e38                RAPIDASH
                0xa0003e6c                PINSIR
                0xa0003ea0                MEGAPUNCH
                0xa0003ed8                LAPRAS
                0xa0003f0c                ODDISH
                0xa0003f40                THUNDER
                0xa0003f78                EXEGGCUTE
                0xa0003fac                SUPERSONIC
                0xa0003fe4                ABSORB
                0xa000401c                CUT
                0xa0004054                ACID
                0xa000408c                GUST
                0xa00040c4                DODRIO
                0xa00040f8                HITMONCHAN
                0xa000412c                GASTLY
                0xa0004160                MEW
                0xa0004194                VINEWHIP
                0xa00041cc                TAILWHIP
                0xa0004204                GROWL
                0xa000423c                JIGGLYPUFF
                0xa0004270                SLAM
                0xa00042a8                POUND
                0xa00042e0                AMNESIA
                0xa0004318                FIREBLAST
                0xa0004350                PECK
                0xa0004388                PSYDUCK
                0xa00043bc                OMASTAR
                0xa00043f0                STARYU
                0xa0004424                SLEEPPOWDER
                0xa000445c                MEGAKICK
                0xa0004494                VAPOREON
                0xa00044c8                MEDITATE
                0xa0004500                DRATINI
                0xa0004534                SEEL
                0xa0004568                ARCANINE
                0xa000459c                METAPOD
                0xa00045d0                PAYDAY
                0xa0004608                SCYTHER
                0xa000463c                SHARPEN
                0xa0004674                THUNDERWAVE
                0xa00046ac                EXEGGUTOR
                0xa00046e0                SCREECH
                0xa0004718                EKANS
                0xa000474c                PARASECT
                0xa0004780                GOLBAT
                0xa00047b4                BLIZZARD
                0xa00047ec                AURORABEAM
                0xa0004824                MRMIME
                0xa0004858                MEGADRAIN
                0xa0004890                SPEAROW
                0xa00048c4                RHYDON
                0xa00048f8                WINGATTACK
                0xa0004930                KABUTOPS
                0xa0004964                VOLTORB
                0xa0004998                VILEPLUME
                0xa00049cc                TOXIC
                0xa0004a04                KADABRA
                0xa0004a38                BODYSLAM
                0xa0004a70                MUK
                0xa0004aa4                DUGTRIO
                0xa0004ad8                TANGELA
                0xa0004b0c                GENGAR
                0xa0004b40                MAGNETON
                0xa0004b74                QUICKATTACK
                0xa0004bac                SLOWPOKE
                0xa0004be0                RATTATA
                0xa0004c14                ICEBEAM
                0xa0004c4c                STRUGGLE
                0xa0004c84                NIDOQUEEN
                0xa0004cb8                EEVEE
                0xa0004cec                WARTORTLE
                0xa0004d20                MEOWTH
                0xa0004d54                POISONPOWDER
                0xa0004d8c                CLEFABLE
                0xa0004dc0                DROWZEE
                0xa0004df4                PIDGEOTTO
                0xa0004e28                AERODACTYL
                0xa0004e5c                ALAKAZAM
                0xa0004e90                TENTACOOL
                0xa0004ec4                GYARADOS
                0xa0004ef8                DEFENSECURL
                0xa0004f30                GUILLOTINE
                0xa0004f68                PONYTA
                0xa0004f9c                CUBONE
                0xa0004fd0                HITMONLEE
                0xa0005004                LICKITUNG
                0xa0005038                GOLDEEN
                0xa000506c                ONIX
                0xa00050a0                ARTICUNO
                0xa00050d4                KINESIS
                0xa000510c                DOUBLEEDGE
                0xa0005144                HYPERFANG
                0xa000517c                IVYSAUR
                0xa00051b0                FARFETCHD
                0xa00051e4                ZAPDOS
                0xa0005218                STRINGSHOT
                0xa0005250                BUBBLEBEAM
                0xa0005288                GLOOM
                0xa00052bc                HARDEN
                0xa00052f4                STUNSPORE
                0xa000532c                NIDORINA
                0xa0005360                SPORE
                0xa0005398                FLAREON
                0xa00053cc                BEEDRILL
                0xa0005400                GROWTH
                0xa0005438                MEWTWO
                0xa000546c                WATERFALL
                0xa00054a4                DODUO
                0xa00054d8                LEER
                0xa0005510                DRAGONITE
                0xa0005544                FLAMETHROWER
                0xa000557c                VENUSAUR
                0xa00055b0                GOLDUCK
                0xa00055e4                SING
                0xa000561c                TAKEDOWN
                0xa0005654                POLIWRATH
                0xa0005688                WIGGLYTUFF
                0xa00056bc                TAUROS
                0xa00056f0                ZUBAT
                0xa0005724                CHANSEY
                0xa0005758                THUNDERPUNCH
                0xa0005790                SEAKING
                0xa00057c4                BULBASAUR
                0xa00057f8                VENOMOTH
                0xa000582c                CATERPIE
                0xa0005860                KAKUNA
                0xa0005894                ROCKTHROW
                0xa00058cc                SLUDGE
                0xa0005904                HAZE
                0xa000593c                FIREPUNCH
                0xa0005974                GLARE
                0xa00059ac                HYPNO
                0xa00059e0                MOLTRES
 COMMON         0xa0005a14      0x6f0 Object - MDD File System-SD Card\global.o
                0xa0005a14                BLUE_ALAKAZAM
                0xa0005aa8                RED_CHARIZARD
                0xa0005b3c                BLUE_BLASTOISE
                0xa0005bd0                BLUE_ARCANINE
                0xa0005c64                RED_LAPRAS
                0xa0005cf8                RED_VENUSAUR
                0xa0005d8c                BLUE_RHYDON
                0xa0005e20                BLUE_PIDGEOT
                0xa0005eb4                RED_PIKACHU
                0xa0005f48                RED_BLASTOISE
                0xa0005fdc                RED_SNORLAX
                0xa0006070                BLUE_EXEGGUTOR
                0xa0006104                . = ALIGN (0x4)
                0xa0006104                . = ALIGN (0x4)
                0xa0006104                _end = .
                0xa0006104                _bss_end = .
                0x00010000                _bmxdudba_address = 0x10000
                0x00010000                _bmxdupba_address = 0x10000

/DISCARD/
 *(.pdr)
 *(.reginfo)
 *(.rel.dyn)
 *(.note.GNU-stack)
 *(.note.GNU-stack)
 *(.gnu_debuglink)
 *(.gnu.lto_*)
 *(.discard)

.stab
 *(.stab)

.stabstr
 *(.stabstr)

.stab.excl
 *(.stab.excl)

.stab.exclstr
 *(.stab.exclstr)

.stab.index
 *(.stab.index)

.stab.indexstr
 *(.stab.indexstr)

.comment        0x00000000      0x28f
 *(.comment)
 .comment       0x00000000       0x51 Object - MDD File System-SD Card\SD-SPI.o
                                 0x52 (size before relaxing)
 .comment       0x00000000       0x52 Object - MDD File System-SD Card\FSIO.o
 .comment       0x00000000       0x52 Object - MDD File System-SD Card\Demonstration1.o
 .comment       0x00000000       0x52 Object - MDD File System-SD Card\buttons.o
 .comment       0x00000000       0x52 Object - MDD File System-SD Card\sendspi.o
 .comment       0x00000000       0x52 Object - MDD File System-SD Card\bitbang.o
 .comment       0x00000000       0x52 Object - MDD File System-SD Card\battle-p.o
 .comment       0x00000000       0x52 Object - MDD File System-SD Card\eor-p.o
 .comment       0x00000000       0x52 Object - MDD File System-SD Card\game.o
 .comment       0x00000000       0x52 Object - MDD File System-SD Card\global.o
 .comment       0x00000000       0x52 Object - MDD File System-SD Card\input-p.o
 .comment       0x00000000       0x52 Object - MDD File System-SD Card\win-p.o
 .comment       0x00000051       0x55 c:/program files (x86)/microchip/mplabc32/v2.01/bin/../lib/gcc/pic32mx/4.5.1/../../../../pic32mx/lib\libc.a(memset.o)
                                 0x56 (size before relaxing)
 .comment       0x000000a6       0x55 c:/program files (x86)/microchip/mplabc32/v2.01/bin/../lib/gcc/pic32mx/4.5.1/../../../../pic32mx/lib\libc.a(strcpy.o)
                                 0x56 (size before relaxing)
 .comment       0x000000fb       0x55 c:/program files (x86)/microchip/mplabc32/v2.01/bin/../lib/gcc/pic32mx/4.5.1/../../../../pic32mx/lib\libc.a(strlen.o)
                                 0x56 (size before relaxing)
 .comment       0x00000150       0xa0 c:/program files (x86)/microchip/mplabc32/v2.01/bin/../lib/gcc/pic32mx/4.5.1/../../../../pic32mx/lib\libc.a(ctypef.o)
                                 0xa1 (size before relaxing)
 .comment       0x00000000       0x52 c:/program files (x86)/microchip/mplabc32/v2.01/bin/../lib/gcc/pic32mx/4.5.1/../../../../pic32mx/lib\libc.a(rand.o)
 .comment       0x00000000       0x52 c:/program files (x86)/microchip/mplabc32/v2.01/bin/../lib/gcc/pic32mx/4.5.1/../../../../pic32mx/lib\libc.a(strcat.o)
 .comment       0x00000000       0x52 c:/program files (x86)/microchip/mplabc32/v2.01/bin/../lib/gcc/pic32mx/4.5.1/../../../../pic32mx/lib\libc.a(strncpy.o)
 .comment       0x00000000       0x52 c:/program files (x86)/microchip/mplabc32/v2.01/bin/../lib/gcc/pic32mx/4.5.1/../../../../pic32mx/lib\libc.a(sprintf_cdnopsuxX.eo)
 .comment       0x00000000       0x52 c:/program files (x86)/microchip/mplabc32/v2.01/bin/../lib/gcc/pic32mx/4.5.1/../../../../pic32mx/lib\libc.a(default-general-exception-handler.o)
 .comment       0x00000000       0x52 c:/program files (x86)/microchip/mplabc32/v2.01/bin/../lib/gcc/pic32mx/4.5.1/../../../../pic32mx/lib\libc.a(default-bootstrap-exception-handler.o)
 .comment       0x00000000       0x52 c:/program files (x86)/microchip/mplabc32/v2.01/bin/../lib/gcc/pic32mx/4.5.1/../../../../pic32mx/lib\libc.a(default-on-reset.o)
 .comment       0x00000000       0x52 c:/program files (x86)/microchip/mplabc32/v2.01/bin/../lib/gcc/pic32mx/4.5.1/../../../../pic32mx/lib\libc.a(default-on-bootstrap.o)
 .comment       0x000001f0       0x4e c:/program files (x86)/microchip/mplabc32/v2.01/bin/../lib/gcc/pic32mx/4.5.1/../../../../pic32mx/lib\libc.a(ctype.o)
                                 0xa0 (size before relaxing)
 .comment       0x00000000       0x52 c:/program files (x86)/microchip/mplabc32/v2.01/bin/../lib/gcc/pic32mx/4.5.1/../../../../pic32mx/lib\libc.a(doprnt_cdnopsuxX.eo)
 .comment       0x00000000       0x52 c:/program files (x86)/microchip/mplabc32/v2.01/bin/../lib/gcc/pic32mx/4.5.1/../../../../pic32mx/lib\libc.a(_fputc_simple.o)
 .comment       0x00000000       0x52 c:/program files (x86)/microchip/mplabc32/v2.01/bin/../lib/gcc/pic32mx/4.5.1/../../../../pic32mx/lib\libc.a(write.o)
 .comment       0x00000000       0x52 c:/program files (x86)/microchip/mplabc32/v2.01/bin/../lib/gcc/pic32mx/4.5.1/../../../../pic32mx/lib\libc.a(_iob.o)
 .comment       0x00000000       0x52 c:/program files (x86)/microchip/mplabc32/v2.01/bin/../lib/gcc/pic32mx/4.5.1/../../../../pic32mx/lib\libc.a(_flsbuf_simple.o)
 .comment       0x00000000       0x52 c:/program files (x86)/microchip/mplabc32/v2.01/bin/../lib/gcc/pic32mx/4.5.1/../../../../pic32mx/lib\libc.a(_mon_putc.o)
 .comment       0x00000000       0x52 c:/program files (x86)/microchip/mplabc32/v2.01/bin/../lib/gcc/pic32mx/4.5.1/../../../../pic32mx/lib\libc.a(c32_uart.o)
 .comment       0x0000023e       0x51 c:/program files (x86)/microchip/mplabc32/v2.01/bin/../lib/gcc/pic32mx/4.5.1/../../../../pic32mx/lib\libmchp_peripheral_32MX675F512H.a(pcache.o)
                                 0x52 (size before relaxing)
 .comment       0x00000000       0x52 c:/program files (x86)/microchip/mplabc32/v2.01/bin/../lib/gcc/pic32mx/4.5.1/../../../../pic32mx/lib\libmchp_peripheral_32MX675F512H.a(int_disable_interrupts_lib.o)
 .comment       0x00000000       0x52 c:/program files (x86)/microchip/mplabc32/v2.01/bin/../lib/gcc/pic32mx/4.5.1/../../../../pic32mx/lib\libmchp_peripheral_32MX675F512H.a(int_restore_interrupts_lib.o)
 .comment       0x00000000       0x52 c:/program files (x86)/microchip/mplabc32/v2.01/bin/../lib/gcc/pic32mx/4.5.1/../../../../pic32mx/lib\libmchp_peripheral_32MX675F512H.a(int_enable_mv_int_lib.o)
 .comment       0x00000000       0x52 c:/program files (x86)/microchip/mplabc32/v2.01/bin/../lib/gcc/pic32mx/4.5.1/../../../../pic32mx/lib\libmchp_peripheral_32MX675F512H.a(rtcc_open_lib.o)
 .comment       0x00000000       0x52 c:/program files (x86)/microchip/mplabc32/v2.01/bin/../lib/gcc/pic32mx/4.5.1/../../../../pic32mx/lib\libmchp_peripheral_32MX675F512H.a(spi_getc_spi2_lib_legacy.o)
 .comment       0x00000000       0x52 c:/program files (x86)/microchip/mplabc32/v2.01/bin/../lib/gcc/pic32mx/4.5.1/../../../../pic32mx/lib\libmchp_peripheral_32MX675F512H.a(spi_open_spi2_lib_legacy.o)
 .comment       0x00000000       0x52 c:/program files (x86)/microchip/mplabc32/v2.01/bin/../lib/gcc/pic32mx/4.5.1/../../../../pic32mx/lib\libmchp_peripheral_32MX675F512H.a(spi_brg_tbl_lib_legacy.o)
 .comment       0x00000000       0x52 c:/program files (x86)/microchip/mplabc32/v2.01/bin/../lib/gcc/pic32mx/4.5.1/../../../../pic32mx/lib\libmchp_peripheral_32MX675F512H.a(int_enable_interrupts_lib.o)
 .comment       0x00000000       0x52 c:/program files (x86)/microchip/mplabc32/v2.01/bin/../lib/gcc/pic32mx/4.5.1/../../../../pic32mx/lib\libmchp_peripheral_32MX675F512H.a(int_tbl_lib.o)
 .comment       0x00000000       0x52 c:/program files (x86)/microchip/mplabc32/v2.01/bin/../lib/gcc/pic32mx/4.5.1/../../../../pic32mx/lib\libmchp_peripheral_32MX675F512H.a(_rtcc_wait_clock_off_lib.o)
 .comment       0x00000000       0x52 c:/program files (x86)/microchip/mplabc32/v2.01/bin/../lib/gcc/pic32mx/4.5.1/../../../../pic32mx/lib\libmchp_peripheral_32MX675F512H.a(read_core_timer_lib.o)
 .comment       0x00000000       0x52 c:/program files (x86)/microchip/mplabc32/v2.01/bin/../lib/gcc/pic32mx/4.5.1\libgcc.a(_udivdi3.o)
 .comment       0x00000000       0x52 c:/program files (x86)/microchip/mplabc32/v2.01/bin/../lib/gcc/pic32mx/4.5.1\libgcc.a(_umoddi3.o)

.debug
 *(.debug)

.line
 *(.line)

.debug_srcinfo
 *(.debug_srcinfo)

.debug_sfnames
 *(.debug_sfnames)

.debug_aranges  0x00000000      0x5b8
 *(.debug_aranges)
 .debug_aranges
                0x00000000       0x20 Object - MDD File System-SD Card\SD-SPI.o
 .debug_aranges
                0x00000020       0x20 Object - MDD File System-SD Card\FSIO.o
 .debug_aranges
                0x00000040       0x20 Object - MDD File System-SD Card\Demonstration1.o
 .debug_aranges
                0x00000060       0x20 Object - MDD File System-SD Card\buttons.o
 .debug_aranges
                0x00000080       0x20 Object - MDD File System-SD Card\sendspi.o
 .debug_aranges
                0x000000a0       0x20 Object - MDD File System-SD Card\bitbang.o
 .debug_aranges
                0x000000c0       0x20 Object - MDD File System-SD Card\battle-p.o
 .debug_aranges
                0x000000e0       0x20 Object - MDD File System-SD Card\eor-p.o
 .debug_aranges
                0x00000100       0x20 Object - MDD File System-SD Card\game.o
 .debug_aranges
                0x00000120       0x20 Object - MDD File System-SD Card\global.o
 .debug_aranges
                0x00000140       0x20 Object - MDD File System-SD Card\input-p.o
 .debug_aranges
                0x00000160       0x20 Object - MDD File System-SD Card\win-p.o
 .debug_aranges
                0x00000180       0xa0 c:/program files (x86)/microchip/mplabc32/v2.01/bin/../lib/gcc/pic32mx/4.5.1/../../../../pic32mx/lib\libc.a(ctypef.o)
 .debug_aranges
                0x00000220       0x28 c:/program files (x86)/microchip/mplabc32/v2.01/bin/../lib/gcc/pic32mx/4.5.1/../../../../pic32mx/lib\libc.a(rand.o)
 .debug_aranges
                0x00000248       0x20 c:/program files (x86)/microchip/mplabc32/v2.01/bin/../lib/gcc/pic32mx/4.5.1/../../../../pic32mx/lib\libc.a(strcat.o)
 .debug_aranges
                0x00000268       0x20 c:/program files (x86)/microchip/mplabc32/v2.01/bin/../lib/gcc/pic32mx/4.5.1/../../../../pic32mx/lib\libc.a(strncpy.o)
 .debug_aranges
                0x00000288       0x20 c:/program files (x86)/microchip/mplabc32/v2.01/bin/../lib/gcc/pic32mx/4.5.1/../../../../pic32mx/lib\libc.a(sprintf_cdnopsuxX.eo)
 .debug_aranges
                0x000002a8       0x20 c:/program files (x86)/microchip/mplabc32/v2.01/bin/../lib/gcc/pic32mx/4.5.1/../../../../pic32mx/lib\libc.a(default-general-exception-handler.o)
 .debug_aranges
                0x000002c8       0x20 c:/program files (x86)/microchip/mplabc32/v2.01/bin/../lib/gcc/pic32mx/4.5.1/../../../../pic32mx/lib\libc.a(default-bootstrap-exception-handler.o)
 .debug_aranges
                0x000002e8       0x20 c:/program files (x86)/microchip/mplabc32/v2.01/bin/../lib/gcc/pic32mx/4.5.1/../../../../pic32mx/lib\libc.a(default-on-reset.o)
 .debug_aranges
                0x00000308       0x20 c:/program files (x86)/microchip/mplabc32/v2.01/bin/../lib/gcc/pic32mx/4.5.1/../../../../pic32mx/lib\libc.a(default-on-bootstrap.o)
 .debug_aranges
                0x00000328       0x20 c:/program files (x86)/microchip/mplabc32/v2.01/bin/../lib/gcc/pic32mx/4.5.1/../../../../pic32mx/lib\libc.a(doprnt_cdnopsuxX.eo)
 .debug_aranges
                0x00000348       0x20 c:/program files (x86)/microchip/mplabc32/v2.01/bin/../lib/gcc/pic32mx/4.5.1/../../../../pic32mx/lib\libc.a(_fputc_simple.o)
 .debug_aranges
                0x00000368       0x20 c:/program files (x86)/microchip/mplabc32/v2.01/bin/../lib/gcc/pic32mx/4.5.1/../../../../pic32mx/lib\libc.a(write.o)
 .debug_aranges
                0x00000388       0x20 c:/program files (x86)/microchip/mplabc32/v2.01/bin/../lib/gcc/pic32mx/4.5.1/../../../../pic32mx/lib\libc.a(_flsbuf_simple.o)
 .debug_aranges
                0x000003a8       0x20 c:/program files (x86)/microchip/mplabc32/v2.01/bin/../lib/gcc/pic32mx/4.5.1/../../../../pic32mx/lib\libc.a(_mon_putc.o)
 .debug_aranges
                0x000003c8       0x28 c:/program files (x86)/microchip/mplabc32/v2.01/bin/../lib/gcc/pic32mx/4.5.1/../../../../pic32mx/lib\libmchp_peripheral_32MX675F512H.a(pcache.o)
 .debug_aranges
                0x000003f0       0x20 c:/program files (x86)/microchip/mplabc32/v2.01/bin/../lib/gcc/pic32mx/4.5.1/../../../../pic32mx/lib\libmchp_peripheral_32MX675F512H.a(int_disable_interrupts_lib.o)
 .debug_aranges
                0x00000410       0x20 c:/program files (x86)/microchip/mplabc32/v2.01/bin/../lib/gcc/pic32mx/4.5.1/../../../../pic32mx/lib\libmchp_peripheral_32MX675F512H.a(int_restore_interrupts_lib.o)
 .debug_aranges
                0x00000430       0x20 c:/program files (x86)/microchip/mplabc32/v2.01/bin/../lib/gcc/pic32mx/4.5.1/../../../../pic32mx/lib\libmchp_peripheral_32MX675F512H.a(int_enable_mv_int_lib.o)
 .debug_aranges
                0x00000450       0x20 c:/program files (x86)/microchip/mplabc32/v2.01/bin/../lib/gcc/pic32mx/4.5.1/../../../../pic32mx/lib\libmchp_peripheral_32MX675F512H.a(rtcc_open_lib.o)
 .debug_aranges
                0x00000470       0x20 c:/program files (x86)/microchip/mplabc32/v2.01/bin/../lib/gcc/pic32mx/4.5.1/../../../../pic32mx/lib\libmchp_peripheral_32MX675F512H.a(spi_getc_spi2_lib_legacy.o)
 .debug_aranges
                0x00000490       0x20 c:/program files (x86)/microchip/mplabc32/v2.01/bin/../lib/gcc/pic32mx/4.5.1/../../../../pic32mx/lib\libmchp_peripheral_32MX675F512H.a(spi_open_spi2_lib_legacy.o)
 .debug_aranges
                0x000004b0       0x20 c:/program files (x86)/microchip/mplabc32/v2.01/bin/../lib/gcc/pic32mx/4.5.1/../../../../pic32mx/lib\libmchp_peripheral_32MX675F512H.a(int_enable_interrupts_lib.o)
 .debug_aranges
                0x000004d0       0x60 c:/program files (x86)/microchip/mplabc32/v2.01/bin/../lib/gcc/pic32mx/4.5.1/../../../../pic32mx/lib\libmchp_peripheral_32MX675F512H.a(int_tbl_lib.o)
 .debug_aranges
                0x00000530       0x28 c:/program files (x86)/microchip/mplabc32/v2.01/bin/../lib/gcc/pic32mx/4.5.1/../../../../pic32mx/lib\libmchp_peripheral_32MX675F512H.a(_rtcc_wait_clock_off_lib.o)
 .debug_aranges
                0x00000558       0x20 c:/program files (x86)/microchip/mplabc32/v2.01/bin/../lib/gcc/pic32mx/4.5.1/../../../../pic32mx/lib\libmchp_peripheral_32MX675F512H.a(read_core_timer_lib.o)
 .debug_aranges
                0x00000578       0x20 c:/program files (x86)/microchip/mplabc32/v2.01/bin/../lib/gcc/pic32mx/4.5.1\libgcc.a(_udivdi3.o)
 .debug_aranges
                0x00000598       0x20 c:/program files (x86)/microchip/mplabc32/v2.01/bin/../lib/gcc/pic32mx/4.5.1\libgcc.a(_umoddi3.o)

.debug_pubnames
                0x00000000     0x336b
 *(.debug_pubnames)
 .debug_pubnames
                0x00000000      0x1fc Object - MDD File System-SD Card\SD-SPI.o
 .debug_pubnames
                0x000001fc      0x6d5 Object - MDD File System-SD Card\FSIO.o
 .debug_pubnames
                0x000008d1       0x46 Object - MDD File System-SD Card\Demonstration1.o
 .debug_pubnames
                0x00000917       0x25 Object - MDD File System-SD Card\buttons.o
 .debug_pubnames
                0x0000093c       0x51 Object - MDD File System-SD Card\sendspi.o
 .debug_pubnames
                0x0000098d       0xce Object - MDD File System-SD Card\bitbang.o
 .debug_pubnames
                0x00000a5b      0x2e4 Object - MDD File System-SD Card\battle-p.o
 .debug_pubnames
                0x00000d3f       0xf2 Object - MDD File System-SD Card\eor-p.o
 .debug_pubnames
                0x00000e31      0xdaf Object - MDD File System-SD Card\game.o
 .debug_pubnames
                0x00001be0     0x1059 Object - MDD File System-SD Card\global.o
 .debug_pubnames
                0x00002c39       0xec Object - MDD File System-SD Card\input-p.o
 .debug_pubnames
                0x00002d25       0xda Object - MDD File System-SD Card\win-p.o
 .debug_pubnames
                0x00002dff       0xe1 c:/program files (x86)/microchip/mplabc32/v2.01/bin/../lib/gcc/pic32mx/4.5.1/../../../../pic32mx/lib\libc.a(ctypef.o)
 .debug_pubnames
                0x00002ee0       0x25 c:/program files (x86)/microchip/mplabc32/v2.01/bin/../lib/gcc/pic32mx/4.5.1/../../../../pic32mx/lib\libc.a(rand.o)
 .debug_pubnames
                0x00002f05       0x1d c:/program files (x86)/microchip/mplabc32/v2.01/bin/../lib/gcc/pic32mx/4.5.1/../../../../pic32mx/lib\libc.a(strcat.o)
 .debug_pubnames
                0x00002f22       0x1e c:/program files (x86)/microchip/mplabc32/v2.01/bin/../lib/gcc/pic32mx/4.5.1/../../../../pic32mx/lib\libc.a(strncpy.o)
 .debug_pubnames
                0x00002f40       0x29 c:/program files (x86)/microchip/mplabc32/v2.01/bin/../lib/gcc/pic32mx/4.5.1/../../../../pic32mx/lib\libc.a(sprintf_cdnopsuxX.eo)
 .debug_pubnames
                0x00002f69       0x31 c:/program files (x86)/microchip/mplabc32/v2.01/bin/../lib/gcc/pic32mx/4.5.1/../../../../pic32mx/lib\libc.a(default-general-exception-handler.o)
 .debug_pubnames
                0x00002f9a       0x33 c:/program files (x86)/microchip/mplabc32/v2.01/bin/../lib/gcc/pic32mx/4.5.1/../../../../pic32mx/lib\libc.a(default-bootstrap-exception-handler.o)
 .debug_pubnames
                0x00002fcd       0x20 c:/program files (x86)/microchip/mplabc32/v2.01/bin/../lib/gcc/pic32mx/4.5.1/../../../../pic32mx/lib\libc.a(default-on-reset.o)
 .debug_pubnames
                0x00002fed       0x24 c:/program files (x86)/microchip/mplabc32/v2.01/bin/../lib/gcc/pic32mx/4.5.1/../../../../pic32mx/lib\libc.a(default-on-bootstrap.o)
 .debug_pubnames
                0x00003011       0x2a c:/program files (x86)/microchip/mplabc32/v2.01/bin/../lib/gcc/pic32mx/4.5.1/../../../../pic32mx/lib\libc.a(doprnt_cdnopsuxX.eo)
 .debug_pubnames
                0x0000303b       0x1c c:/program files (x86)/microchip/mplabc32/v2.01/bin/../lib/gcc/pic32mx/4.5.1/../../../../pic32mx/lib\libc.a(_fputc_simple.o)
 .debug_pubnames
                0x00003057       0x1c c:/program files (x86)/microchip/mplabc32/v2.01/bin/../lib/gcc/pic32mx/4.5.1/../../../../pic32mx/lib\libc.a(write.o)
 .debug_pubnames
                0x00003073       0x1e c:/program files (x86)/microchip/mplabc32/v2.01/bin/../lib/gcc/pic32mx/4.5.1/../../../../pic32mx/lib\libc.a(_flsbuf_simple.o)
 .debug_pubnames
                0x00003091       0x20 c:/program files (x86)/microchip/mplabc32/v2.01/bin/../lib/gcc/pic32mx/4.5.1/../../../../pic32mx/lib\libc.a(_mon_putc.o)
 .debug_pubnames
                0x000030b1       0x3b c:/program files (x86)/microchip/mplabc32/v2.01/bin/../lib/gcc/pic32mx/4.5.1/../../../../pic32mx/lib\libmchp_peripheral_32MX675F512H.a(pcache.o)
 .debug_pubnames
                0x000030ec       0x2b c:/program files (x86)/microchip/mplabc32/v2.01/bin/../lib/gcc/pic32mx/4.5.1/../../../../pic32mx/lib\libmchp_peripheral_32MX675F512H.a(int_disable_interrupts_lib.o)
 .debug_pubnames
                0x00003117       0x2b c:/program files (x86)/microchip/mplabc32/v2.01/bin/../lib/gcc/pic32mx/4.5.1/../../../../pic32mx/lib\libmchp_peripheral_32MX675F512H.a(int_restore_interrupts_lib.o)
 .debug_pubnames
                0x00003142       0x36 c:/program files (x86)/microchip/mplabc32/v2.01/bin/../lib/gcc/pic32mx/4.5.1/../../../../pic32mx/lib\libmchp_peripheral_32MX675F512H.a(int_enable_mv_int_lib.o)
 .debug_pubnames
                0x00003178       0x1f c:/program files (x86)/microchip/mplabc32/v2.01/bin/../lib/gcc/pic32mx/4.5.1/../../../../pic32mx/lib\libmchp_peripheral_32MX675F512H.a(rtcc_open_lib.o)
 .debug_pubnames
                0x00003197       0x1f c:/program files (x86)/microchip/mplabc32/v2.01/bin/../lib/gcc/pic32mx/4.5.1/../../../../pic32mx/lib\libmchp_peripheral_32MX675F512H.a(spi_getc_spi2_lib_legacy.o)
 .debug_pubnames
                0x000031b6       0x1f c:/program files (x86)/microchip/mplabc32/v2.01/bin/../lib/gcc/pic32mx/4.5.1/../../../../pic32mx/lib\libmchp_peripheral_32MX675F512H.a(spi_open_spi2_lib_legacy.o)
 .debug_pubnames
                0x000031d5       0x2a c:/program files (x86)/microchip/mplabc32/v2.01/bin/../lib/gcc/pic32mx/4.5.1/../../../../pic32mx/lib\libmchp_peripheral_32MX675F512H.a(int_enable_interrupts_lib.o)
 .debug_pubnames
                0x000031ff       0xca c:/program files (x86)/microchip/mplabc32/v2.01/bin/../lib/gcc/pic32mx/4.5.1/../../../../pic32mx/lib\libmchp_peripheral_32MX675F512H.a(int_tbl_lib.o)
 .debug_pubnames
                0x000032c9       0x3e c:/program files (x86)/microchip/mplabc32/v2.01/bin/../lib/gcc/pic32mx/4.5.1/../../../../pic32mx/lib\libmchp_peripheral_32MX675F512H.a(_rtcc_wait_clock_off_lib.o)
 .debug_pubnames
                0x00003307       0x24 c:/program files (x86)/microchip/mplabc32/v2.01/bin/../lib/gcc/pic32mx/4.5.1/../../../../pic32mx/lib\libmchp_peripheral_32MX675F512H.a(read_core_timer_lib.o)
 .debug_pubnames
                0x0000332b       0x20 c:/program files (x86)/microchip/mplabc32/v2.01/bin/../lib/gcc/pic32mx/4.5.1\libgcc.a(_udivdi3.o)
 .debug_pubnames
                0x0000334b       0x20 c:/program files (x86)/microchip/mplabc32/v2.01/bin/../lib/gcc/pic32mx/4.5.1\libgcc.a(_umoddi3.o)

.debug_info     0x00000000    0x19aa0
 *(.debug_info .gnu.linkonce.wi.*)
 .debug_info    0x00000000     0x2b9b Object - MDD File System-SD Card\SD-SPI.o
 .debug_info    0x00002b9b     0x577d Object - MDD File System-SD Card\FSIO.o
 .debug_info    0x00008318     0x1d82 Object - MDD File System-SD Card\Demonstration1.o
 .debug_info    0x0000a09a      0x3fc Object - MDD File System-SD Card\buttons.o
 .debug_info    0x0000a496      0x5d5 Object - MDD File System-SD Card\sendspi.o
 .debug_info    0x0000aa6b     0x1a2e Object - MDD File System-SD Card\bitbang.o
 .debug_info    0x0000c499     0x1b08 Object - MDD File System-SD Card\battle-p.o
 .debug_info    0x0000dfa1     0x1055 Object - MDD File System-SD Card\eor-p.o
 .debug_info    0x0000eff6     0x26b8 Object - MDD File System-SD Card\game.o
 .debug_info    0x000116ae     0x3b7c Object - MDD File System-SD Card\global.o
 .debug_info    0x0001522a     0x110c Object - MDD File System-SD Card\input-p.o
 .debug_info    0x00016336     0x106e Object - MDD File System-SD Card\win-p.o
 .debug_info    0x000173a4      0x235 c:/program files (x86)/microchip/mplabc32/v2.01/bin/../lib/gcc/pic32mx/4.5.1/../../../../pic32mx/lib\libc.a(ctypef.o)
 .debug_info    0x000175d9       0xe7 c:/program files (x86)/microchip/mplabc32/v2.01/bin/../lib/gcc/pic32mx/4.5.1/../../../../pic32mx/lib\libc.a(rand.o)
 .debug_info    0x000176c0       0xd1 c:/program files (x86)/microchip/mplabc32/v2.01/bin/../lib/gcc/pic32mx/4.5.1/../../../../pic32mx/lib\libc.a(strcat.o)
 .debug_info    0x00017791       0xd3 c:/program files (x86)/microchip/mplabc32/v2.01/bin/../lib/gcc/pic32mx/4.5.1/../../../../pic32mx/lib\libc.a(strncpy.o)
 .debug_info    0x00017864       0xe5 c:/program files (x86)/microchip/mplabc32/v2.01/bin/../lib/gcc/pic32mx/4.5.1/../../../../pic32mx/lib\libc.a(sprintf_cdnopsuxX.eo)
 .debug_info    0x00017949      0x102 c:/program files (x86)/microchip/mplabc32/v2.01/bin/../lib/gcc/pic32mx/4.5.1/../../../../pic32mx/lib\libc.a(default-general-exception-handler.o)
 .debug_info    0x00017a4b      0x106 c:/program files (x86)/microchip/mplabc32/v2.01/bin/../lib/gcc/pic32mx/4.5.1/../../../../pic32mx/lib\libc.a(default-bootstrap-exception-handler.o)
 .debug_info    0x00017b51       0xe0 c:/program files (x86)/microchip/mplabc32/v2.01/bin/../lib/gcc/pic32mx/4.5.1/../../../../pic32mx/lib\libc.a(default-on-reset.o)
 .debug_info    0x00017c31       0xe8 c:/program files (x86)/microchip/mplabc32/v2.01/bin/../lib/gcc/pic32mx/4.5.1/../../../../pic32mx/lib\libc.a(default-on-bootstrap.o)
 .debug_info    0x00017d19        0x0 c:/program files (x86)/microchip/mplabc32/v2.01/bin/../lib/gcc/pic32mx/4.5.1/../../../../pic32mx/lib\libc.a(ctype.o)
 .debug_info    0x00017d19       0xe6 c:/program files (x86)/microchip/mplabc32/v2.01/bin/../lib/gcc/pic32mx/4.5.1/../../../../pic32mx/lib\libc.a(doprnt_cdnopsuxX.eo)
 .debug_info    0x00017dff       0xd6 c:/program files (x86)/microchip/mplabc32/v2.01/bin/../lib/gcc/pic32mx/4.5.1/../../../../pic32mx/lib\libc.a(_fputc_simple.o)
 .debug_info    0x00017ed5       0xd1 c:/program files (x86)/microchip/mplabc32/v2.01/bin/../lib/gcc/pic32mx/4.5.1/../../../../pic32mx/lib\libc.a(write.o)
 .debug_info    0x00017fa6        0x0 c:/program files (x86)/microchip/mplabc32/v2.01/bin/../lib/gcc/pic32mx/4.5.1/../../../../pic32mx/lib\libc.a(_iob.o)
 .debug_info    0x00017fa6       0xd9 c:/program files (x86)/microchip/mplabc32/v2.01/bin/../lib/gcc/pic32mx/4.5.1/../../../../pic32mx/lib\libc.a(_flsbuf_simple.o)
 .debug_info    0x0001807f       0xd9 c:/program files (x86)/microchip/mplabc32/v2.01/bin/../lib/gcc/pic32mx/4.5.1/../../../../pic32mx/lib\libc.a(_mon_putc.o)
 .debug_info    0x00018158        0x0 c:/program files (x86)/microchip/mplabc32/v2.01/bin/../lib/gcc/pic32mx/4.5.1/../../../../pic32mx/lib\libc.a(c32_uart.o)
 .debug_info    0x00018158       0xd4 c:/program files (x86)/microchip/mplabc32/v2.01/bin/../lib/gcc/pic32mx/4.5.1/../../../../pic32mx/lib\libmchp_peripheral_32MX675F512H.a(pcache.o)
 .debug_info    0x0001822c       0xcb c:/program files (x86)/microchip/mplabc32/v2.01/bin/../lib/gcc/pic32mx/4.5.1/../../../../pic32mx/lib\libmchp_peripheral_32MX675F512H.a(int_disable_interrupts_lib.o)
 .debug_info    0x000182f7       0xcb c:/program files (x86)/microchip/mplabc32/v2.01/bin/../lib/gcc/pic32mx/4.5.1/../../../../pic32mx/lib\libmchp_peripheral_32MX675F512H.a(int_restore_interrupts_lib.o)
 .debug_info    0x000183c2       0xd1 c:/program files (x86)/microchip/mplabc32/v2.01/bin/../lib/gcc/pic32mx/4.5.1/../../../../pic32mx/lib\libmchp_peripheral_32MX675F512H.a(int_enable_mv_int_lib.o)
 .debug_info    0x00018493      0x121 c:/program files (x86)/microchip/mplabc32/v2.01/bin/../lib/gcc/pic32mx/4.5.1/../../../../pic32mx/lib\libmchp_peripheral_32MX675F512H.a(rtcc_open_lib.o)
 .debug_info    0x000185b4       0xbd c:/program files (x86)/microchip/mplabc32/v2.01/bin/../lib/gcc/pic32mx/4.5.1/../../../../pic32mx/lib\libmchp_peripheral_32MX675F512H.a(spi_getc_spi2_lib_legacy.o)
 .debug_info    0x00018671       0xbd c:/program files (x86)/microchip/mplabc32/v2.01/bin/../lib/gcc/pic32mx/4.5.1/../../../../pic32mx/lib\libmchp_peripheral_32MX675F512H.a(spi_open_spi2_lib_legacy.o)
 .debug_info    0x0001872e        0x0 c:/program files (x86)/microchip/mplabc32/v2.01/bin/../lib/gcc/pic32mx/4.5.1/../../../../pic32mx/lib\libmchp_peripheral_32MX675F512H.a(spi_brg_tbl_lib_legacy.o)
 .debug_info    0x0001872e       0xc9 c:/program files (x86)/microchip/mplabc32/v2.01/bin/../lib/gcc/pic32mx/4.5.1/../../../../pic32mx/lib\libmchp_peripheral_32MX675F512H.a(int_enable_interrupts_lib.o)
 .debug_info    0x000187f7      0x1ab c:/program files (x86)/microchip/mplabc32/v2.01/bin/../lib/gcc/pic32mx/4.5.1/../../../../pic32mx/lib\libmchp_peripheral_32MX675F512H.a(int_tbl_lib.o)
 .debug_info    0x000189a2       0xfc c:/program files (x86)/microchip/mplabc32/v2.01/bin/../lib/gcc/pic32mx/4.5.1/../../../../pic32mx/lib\libmchp_peripheral_32MX675F512H.a(_rtcc_wait_clock_off_lib.o)
 .debug_info    0x00018a9e       0xbf c:/program files (x86)/microchip/mplabc32/v2.01/bin/../lib/gcc/pic32mx/4.5.1/../../../../pic32mx/lib\libmchp_peripheral_32MX675F512H.a(read_core_timer_lib.o)
 .debug_info    0x00018b5d      0x783 c:/program files (x86)/microchip/mplabc32/v2.01/bin/../lib/gcc/pic32mx/4.5.1\libgcc.a(_udivdi3.o)
 .debug_info    0x000192e0      0x7c0 c:/program files (x86)/microchip/mplabc32/v2.01/bin/../lib/gcc/pic32mx/4.5.1\libgcc.a(_umoddi3.o)

.debug_abbrev   0x00000000     0x1d43
 *(.debug_abbrev)
 .debug_abbrev  0x00000000      0x358 Object - MDD File System-SD Card\SD-SPI.o
 .debug_abbrev  0x00000358      0x2f6 Object - MDD File System-SD Card\FSIO.o
 .debug_abbrev  0x0000064e      0x2f4 Object - MDD File System-SD Card\Demonstration1.o
 .debug_abbrev  0x00000942       0xaa Object - MDD File System-SD Card\buttons.o
 .debug_abbrev  0x000009ec       0xec Object - MDD File System-SD Card\sendspi.o
 .debug_abbrev  0x00000ad8      0x215 Object - MDD File System-SD Card\bitbang.o
 .debug_abbrev  0x00000ced      0x258 Object - MDD File System-SD Card\battle-p.o
 .debug_abbrev  0x00000f45      0x13c Object - MDD File System-SD Card\eor-p.o
 .debug_abbrev  0x00001081       0xff Object - MDD File System-SD Card\game.o
 .debug_abbrev  0x00001180      0x255 Object - MDD File System-SD Card\global.o
 .debug_abbrev  0x000013d5      0x19c Object - MDD File System-SD Card\input-p.o
 .debug_abbrev  0x00001571      0x149 Object - MDD File System-SD Card\win-p.o
 .debug_abbrev  0x000016ba       0x25 c:/program files (x86)/microchip/mplabc32/v2.01/bin/../lib/gcc/pic32mx/4.5.1/../../../../pic32mx/lib\libc.a(ctypef.o)
 .debug_abbrev  0x000016df       0x41 c:/program files (x86)/microchip/mplabc32/v2.01/bin/../lib/gcc/pic32mx/4.5.1/../../../../pic32mx/lib\libc.a(rand.o)
 .debug_abbrev  0x00001720       0x25 c:/program files (x86)/microchip/mplabc32/v2.01/bin/../lib/gcc/pic32mx/4.5.1/../../../../pic32mx/lib\libc.a(strcat.o)
 .debug_abbrev  0x00001745       0x25 c:/program files (x86)/microchip/mplabc32/v2.01/bin/../lib/gcc/pic32mx/4.5.1/../../../../pic32mx/lib\libc.a(strncpy.o)
 .debug_abbrev  0x0000176a       0x27 c:/program files (x86)/microchip/mplabc32/v2.01/bin/../lib/gcc/pic32mx/4.5.1/../../../../pic32mx/lib\libc.a(sprintf_cdnopsuxX.eo)
 .debug_abbrev  0x00001791       0x25 c:/program files (x86)/microchip/mplabc32/v2.01/bin/../lib/gcc/pic32mx/4.5.1/../../../../pic32mx/lib\libc.a(default-general-exception-handler.o)
 .debug_abbrev  0x000017b6       0x25 c:/program files (x86)/microchip/mplabc32/v2.01/bin/../lib/gcc/pic32mx/4.5.1/../../../../pic32mx/lib\libc.a(default-bootstrap-exception-handler.o)
 .debug_abbrev  0x000017db       0x25 c:/program files (x86)/microchip/mplabc32/v2.01/bin/../lib/gcc/pic32mx/4.5.1/../../../../pic32mx/lib\libc.a(default-on-reset.o)
 .debug_abbrev  0x00001800       0x25 c:/program files (x86)/microchip/mplabc32/v2.01/bin/../lib/gcc/pic32mx/4.5.1/../../../../pic32mx/lib\libc.a(default-on-bootstrap.o)
 .debug_abbrev  0x00001825        0x1 c:/program files (x86)/microchip/mplabc32/v2.01/bin/../lib/gcc/pic32mx/4.5.1/../../../../pic32mx/lib\libc.a(ctype.o)
 .debug_abbrev  0x00001826       0x27 c:/program files (x86)/microchip/mplabc32/v2.01/bin/../lib/gcc/pic32mx/4.5.1/../../../../pic32mx/lib\libc.a(doprnt_cdnopsuxX.eo)
 .debug_abbrev  0x0000184d       0x27 c:/program files (x86)/microchip/mplabc32/v2.01/bin/../lib/gcc/pic32mx/4.5.1/../../../../pic32mx/lib\libc.a(_fputc_simple.o)
 .debug_abbrev  0x00001874       0x25 c:/program files (x86)/microchip/mplabc32/v2.01/bin/../lib/gcc/pic32mx/4.5.1/../../../../pic32mx/lib\libc.a(write.o)
 .debug_abbrev  0x00001899        0x1 c:/program files (x86)/microchip/mplabc32/v2.01/bin/../lib/gcc/pic32mx/4.5.1/../../../../pic32mx/lib\libc.a(_iob.o)
 .debug_abbrev  0x0000189a       0x27 c:/program files (x86)/microchip/mplabc32/v2.01/bin/../lib/gcc/pic32mx/4.5.1/../../../../pic32mx/lib\libc.a(_flsbuf_simple.o)
 .debug_abbrev  0x000018c1       0x25 c:/program files (x86)/microchip/mplabc32/v2.01/bin/../lib/gcc/pic32mx/4.5.1/../../../../pic32mx/lib\libc.a(_mon_putc.o)
 .debug_abbrev  0x000018e6        0x1 c:/program files (x86)/microchip/mplabc32/v2.01/bin/../lib/gcc/pic32mx/4.5.1/../../../../pic32mx/lib\libc.a(c32_uart.o)
 .debug_abbrev  0x000018e7       0x25 c:/program files (x86)/microchip/mplabc32/v2.01/bin/../lib/gcc/pic32mx/4.5.1/../../../../pic32mx/lib\libmchp_peripheral_32MX675F512H.a(pcache.o)
 .debug_abbrev  0x0000190c       0x25 c:/program files (x86)/microchip/mplabc32/v2.01/bin/../lib/gcc/pic32mx/4.5.1/../../../../pic32mx/lib\libmchp_peripheral_32MX675F512H.a(int_disable_interrupts_lib.o)
 .debug_abbrev  0x00001931       0x25 c:/program files (x86)/microchip/mplabc32/v2.01/bin/../lib/gcc/pic32mx/4.5.1/../../../../pic32mx/lib\libmchp_peripheral_32MX675F512H.a(int_restore_interrupts_lib.o)
 .debug_abbrev  0x00001956       0x25 c:/program files (x86)/microchip/mplabc32/v2.01/bin/../lib/gcc/pic32mx/4.5.1/../../../../pic32mx/lib\libmchp_peripheral_32MX675F512H.a(int_enable_mv_int_lib.o)
 .debug_abbrev  0x0000197b       0x41 c:/program files (x86)/microchip/mplabc32/v2.01/bin/../lib/gcc/pic32mx/4.5.1/../../../../pic32mx/lib\libmchp_peripheral_32MX675F512H.a(rtcc_open_lib.o)
 .debug_abbrev  0x000019bc       0x25 c:/program files (x86)/microchip/mplabc32/v2.01/bin/../lib/gcc/pic32mx/4.5.1/../../../../pic32mx/lib\libmchp_peripheral_32MX675F512H.a(spi_getc_spi2_lib_legacy.o)
 .debug_abbrev  0x000019e1       0x25 c:/program files (x86)/microchip/mplabc32/v2.01/bin/../lib/gcc/pic32mx/4.5.1/../../../../pic32mx/lib\libmchp_peripheral_32MX675F512H.a(spi_open_spi2_lib_legacy.o)
 .debug_abbrev  0x00001a06        0x1 c:/program files (x86)/microchip/mplabc32/v2.01/bin/../lib/gcc/pic32mx/4.5.1/../../../../pic32mx/lib\libmchp_peripheral_32MX675F512H.a(spi_brg_tbl_lib_legacy.o)
 .debug_abbrev  0x00001a07       0x25 c:/program files (x86)/microchip/mplabc32/v2.01/bin/../lib/gcc/pic32mx/4.5.1/../../../../pic32mx/lib\libmchp_peripheral_32MX675F512H.a(int_enable_interrupts_lib.o)
 .debug_abbrev  0x00001a2c       0x25 c:/program files (x86)/microchip/mplabc32/v2.01/bin/../lib/gcc/pic32mx/4.5.1/../../../../pic32mx/lib\libmchp_peripheral_32MX675F512H.a(int_tbl_lib.o)
 .debug_abbrev  0x00001a51       0x34 c:/program files (x86)/microchip/mplabc32/v2.01/bin/../lib/gcc/pic32mx/4.5.1/../../../../pic32mx/lib\libmchp_peripheral_32MX675F512H.a(_rtcc_wait_clock_off_lib.o)
 .debug_abbrev  0x00001a85       0x25 c:/program files (x86)/microchip/mplabc32/v2.01/bin/../lib/gcc/pic32mx/4.5.1/../../../../pic32mx/lib\libmchp_peripheral_32MX675F512H.a(read_core_timer_lib.o)
 .debug_abbrev  0x00001aaa      0x13d c:/program files (x86)/microchip/mplabc32/v2.01/bin/../lib/gcc/pic32mx/4.5.1\libgcc.a(_udivdi3.o)
 .debug_abbrev  0x00001be7      0x15c c:/program files (x86)/microchip/mplabc32/v2.01/bin/../lib/gcc/pic32mx/4.5.1\libgcc.a(_umoddi3.o)

.debug_line     0x00000000     0x4e9d
 *(.debug_line)
 .debug_line    0x00000000      0x440 Object - MDD File System-SD Card\SD-SPI.o
 .debug_line    0x00000440     0x1ac8 Object - MDD File System-SD Card\FSIO.o
 .debug_line    0x00001f08      0x2aa Object - MDD File System-SD Card\Demonstration1.o
 .debug_line    0x000021b2       0xde Object - MDD File System-SD Card\buttons.o
 .debug_line    0x00002290       0xda Object - MDD File System-SD Card\sendspi.o
 .debug_line    0x0000236a      0x25e Object - MDD File System-SD Card\bitbang.o
 .debug_line    0x000025c8      0x4b9 Object - MDD File System-SD Card\battle-p.o
 .debug_line    0x00002a81       0x9e Object - MDD File System-SD Card\eor-p.o
 .debug_line    0x00002b1f       0xbe Object - MDD File System-SD Card\game.o
 .debug_line    0x00002bdd     0x1326 Object - MDD File System-SD Card\global.o
 .debug_line    0x00003f03       0xe4 Object - MDD File System-SD Card\input-p.o
 .debug_line    0x00003fe7       0xa6 Object - MDD File System-SD Card\win-p.o
 .debug_line    0x0000408d       0x87 c:/program files (x86)/microchip/mplabc32/v2.01/bin/../lib/gcc/pic32mx/4.5.1/../../../../pic32mx/lib\libc.a(ctypef.o)
 .debug_line    0x00004114       0x85 c:/program files (x86)/microchip/mplabc32/v2.01/bin/../lib/gcc/pic32mx/4.5.1/../../../../pic32mx/lib\libc.a(rand.o)
 .debug_line    0x00004199       0x87 c:/program files (x86)/microchip/mplabc32/v2.01/bin/../lib/gcc/pic32mx/4.5.1/../../../../pic32mx/lib\libc.a(strcat.o)
 .debug_line    0x00004220       0x88 c:/program files (x86)/microchip/mplabc32/v2.01/bin/../lib/gcc/pic32mx/4.5.1/../../../../pic32mx/lib\libc.a(strncpy.o)
 .debug_line    0x000042a8       0x31 c:/program files (x86)/microchip/mplabc32/v2.01/bin/../lib/gcc/pic32mx/4.5.1/../../../../pic32mx/lib\libc.a(sprintf_cdnopsuxX.eo)
 .debug_line    0x000042d9       0xa4 c:/program files (x86)/microchip/mplabc32/v2.01/bin/../lib/gcc/pic32mx/4.5.1/../../../../pic32mx/lib\libc.a(default-general-exception-handler.o)
 .debug_line    0x0000437d       0xa6 c:/program files (x86)/microchip/mplabc32/v2.01/bin/../lib/gcc/pic32mx/4.5.1/../../../../pic32mx/lib\libc.a(default-bootstrap-exception-handler.o)
 .debug_line    0x00004423       0x93 c:/program files (x86)/microchip/mplabc32/v2.01/bin/../lib/gcc/pic32mx/4.5.1/../../../../pic32mx/lib\libc.a(default-on-reset.o)
 .debug_line    0x000044b6       0x97 c:/program files (x86)/microchip/mplabc32/v2.01/bin/../lib/gcc/pic32mx/4.5.1/../../../../pic32mx/lib\libc.a(default-on-bootstrap.o)
 .debug_line    0x0000454d        0x0 c:/program files (x86)/microchip/mplabc32/v2.01/bin/../lib/gcc/pic32mx/4.5.1/../../../../pic32mx/lib\libc.a(ctype.o)
 .debug_line    0x0000454d       0x30 c:/program files (x86)/microchip/mplabc32/v2.01/bin/../lib/gcc/pic32mx/4.5.1/../../../../pic32mx/lib\libc.a(doprnt_cdnopsuxX.eo)
 .debug_line    0x0000457d       0x2f c:/program files (x86)/microchip/mplabc32/v2.01/bin/../lib/gcc/pic32mx/4.5.1/../../../../pic32mx/lib\libc.a(_fputc_simple.o)
 .debug_line    0x000045ac       0x88 c:/program files (x86)/microchip/mplabc32/v2.01/bin/../lib/gcc/pic32mx/4.5.1/../../../../pic32mx/lib\libc.a(write.o)
 .debug_line    0x00004634        0x0 c:/program files (x86)/microchip/mplabc32/v2.01/bin/../lib/gcc/pic32mx/4.5.1/../../../../pic32mx/lib\libc.a(_iob.o)
 .debug_line    0x00004634       0x30 c:/program files (x86)/microchip/mplabc32/v2.01/bin/../lib/gcc/pic32mx/4.5.1/../../../../pic32mx/lib\libc.a(_flsbuf_simple.o)
 .debug_line    0x00004664       0x8c c:/program files (x86)/microchip/mplabc32/v2.01/bin/../lib/gcc/pic32mx/4.5.1/../../../../pic32mx/lib\libc.a(_mon_putc.o)
 .debug_line    0x000046f0        0x0 c:/program files (x86)/microchip/mplabc32/v2.01/bin/../lib/gcc/pic32mx/4.5.1/../../../../pic32mx/lib\libc.a(c32_uart.o)
 .debug_line    0x000046f0       0x62 c:/program files (x86)/microchip/mplabc32/v2.01/bin/../lib/gcc/pic32mx/4.5.1/../../../../pic32mx/lib\libmchp_peripheral_32MX675F512H.a(pcache.o)
 .debug_line    0x00004752       0x73 c:/program files (x86)/microchip/mplabc32/v2.01/bin/../lib/gcc/pic32mx/4.5.1/../../../../pic32mx/lib\libmchp_peripheral_32MX675F512H.a(int_disable_interrupts_lib.o)
 .debug_line    0x000047c5       0x73 c:/program files (x86)/microchip/mplabc32/v2.01/bin/../lib/gcc/pic32mx/4.5.1/../../../../pic32mx/lib\libmchp_peripheral_32MX675F512H.a(int_restore_interrupts_lib.o)
 .debug_line    0x00004838       0x6e c:/program files (x86)/microchip/mplabc32/v2.01/bin/../lib/gcc/pic32mx/4.5.1/../../../../pic32mx/lib\libmchp_peripheral_32MX675F512H.a(int_enable_mv_int_lib.o)
 .debug_line    0x000048a6       0xda c:/program files (x86)/microchip/mplabc32/v2.01/bin/../lib/gcc/pic32mx/4.5.1/../../../../pic32mx/lib\libmchp_peripheral_32MX675F512H.a(rtcc_open_lib.o)
 .debug_line    0x00004980       0x71 c:/program files (x86)/microchip/mplabc32/v2.01/bin/../lib/gcc/pic32mx/4.5.1/../../../../pic32mx/lib\libmchp_peripheral_32MX675F512H.a(spi_getc_spi2_lib_legacy.o)
 .debug_line    0x000049f1       0x71 c:/program files (x86)/microchip/mplabc32/v2.01/bin/../lib/gcc/pic32mx/4.5.1/../../../../pic32mx/lib\libmchp_peripheral_32MX675F512H.a(spi_open_spi2_lib_legacy.o)
 .debug_line    0x00004a62        0x0 c:/program files (x86)/microchip/mplabc32/v2.01/bin/../lib/gcc/pic32mx/4.5.1/../../../../pic32mx/lib\libmchp_peripheral_32MX675F512H.a(spi_brg_tbl_lib_legacy.o)
 .debug_line    0x00004a62       0x72 c:/program files (x86)/microchip/mplabc32/v2.01/bin/../lib/gcc/pic32mx/4.5.1/../../../../pic32mx/lib\libmchp_peripheral_32MX675F512H.a(int_enable_interrupts_lib.o)
 .debug_line    0x00004ad4       0x64 c:/program files (x86)/microchip/mplabc32/v2.01/bin/../lib/gcc/pic32mx/4.5.1/../../../../pic32mx/lib\libmchp_peripheral_32MX675F512H.a(int_tbl_lib.o)
 .debug_line    0x00004b38       0xbd c:/program files (x86)/microchip/mplabc32/v2.01/bin/../lib/gcc/pic32mx/4.5.1/../../../../pic32mx/lib\libmchp_peripheral_32MX675F512H.a(_rtcc_wait_clock_off_lib.o)
 .debug_line    0x00004bf5       0x6e c:/program files (x86)/microchip/mplabc32/v2.01/bin/../lib/gcc/pic32mx/4.5.1/../../../../pic32mx/lib\libmchp_peripheral_32MX675F512H.a(read_core_timer_lib.o)
 .debug_line    0x00004c63      0x112 c:/program files (x86)/microchip/mplabc32/v2.01/bin/../lib/gcc/pic32mx/4.5.1\libgcc.a(_udivdi3.o)
 .debug_line    0x00004d75      0x128 c:/program files (x86)/microchip/mplabc32/v2.01/bin/../lib/gcc/pic32mx/4.5.1\libgcc.a(_umoddi3.o)

.debug_frame    0x00000000     0x194c
 *(.debug_frame)
 .debug_frame   0x00000000      0x1ec Object - MDD File System-SD Card\SD-SPI.o
 .debug_frame   0x000001ec      0x7c0 Object - MDD File System-SD Card\FSIO.o
 .debug_frame   0x000009ac       0x2c Object - MDD File System-SD Card\Demonstration1.o
 .debug_frame   0x000009d8       0x28 Object - MDD File System-SD Card\buttons.o
 .debug_frame   0x00000a00       0x5c Object - MDD File System-SD Card\sendspi.o
 .debug_frame   0x00000a5c       0xec Object - MDD File System-SD Card\bitbang.o
 .debug_frame   0x00000b48      0x34c Object - MDD File System-SD Card\battle-p.o
 .debug_frame   0x00000e94       0x9c Object - MDD File System-SD Card\eor-p.o
 .debug_frame   0x00000f30       0x64 Object - MDD File System-SD Card\game.o
 .debug_frame   0x00000f94      0x398 Object - MDD File System-SD Card\global.o
 .debug_frame   0x0000132c       0x80 Object - MDD File System-SD Card\input-p.o
 .debug_frame   0x000013ac       0x60 Object - MDD File System-SD Card\win-p.o
 .debug_frame   0x0000140c      0x120 c:/program files (x86)/microchip/mplabc32/v2.01/bin/../lib/gcc/pic32mx/4.5.1/../../../../pic32mx/lib\libc.a(ctypef.o)
 .debug_frame   0x0000152c       0x30 c:/program files (x86)/microchip/mplabc32/v2.01/bin/../lib/gcc/pic32mx/4.5.1/../../../../pic32mx/lib\libc.a(rand.o)
 .debug_frame   0x0000155c       0x20 c:/program files (x86)/microchip/mplabc32/v2.01/bin/../lib/gcc/pic32mx/4.5.1/../../../../pic32mx/lib\libc.a(strcat.o)
 .debug_frame   0x0000157c       0x20 c:/program files (x86)/microchip/mplabc32/v2.01/bin/../lib/gcc/pic32mx/4.5.1/../../../../pic32mx/lib\libc.a(strncpy.o)
 .debug_frame   0x0000159c       0x2c c:/program files (x86)/microchip/mplabc32/v2.01/bin/../lib/gcc/pic32mx/4.5.1/../../../../pic32mx/lib\libc.a(sprintf_cdnopsuxX.eo)
 .debug_frame   0x000015c8       0x20 c:/program files (x86)/microchip/mplabc32/v2.01/bin/../lib/gcc/pic32mx/4.5.1/../../../../pic32mx/lib\libc.a(default-general-exception-handler.o)
 .debug_frame   0x000015e8       0x20 c:/program files (x86)/microchip/mplabc32/v2.01/bin/../lib/gcc/pic32mx/4.5.1/../../../../pic32mx/lib\libc.a(default-bootstrap-exception-handler.o)
 .debug_frame   0x00001608       0x20 c:/program files (x86)/microchip/mplabc32/v2.01/bin/../lib/gcc/pic32mx/4.5.1/../../../../pic32mx/lib\libc.a(default-on-reset.o)
 .debug_frame   0x00001628       0x20 c:/program files (x86)/microchip/mplabc32/v2.01/bin/../lib/gcc/pic32mx/4.5.1/../../../../pic32mx/lib\libc.a(default-on-bootstrap.o)
 .debug_frame   0x00001648       0x38 c:/program files (x86)/microchip/mplabc32/v2.01/bin/../lib/gcc/pic32mx/4.5.1/../../../../pic32mx/lib\libc.a(doprnt_cdnopsuxX.eo)
 .debug_frame   0x00001680       0x2c c:/program files (x86)/microchip/mplabc32/v2.01/bin/../lib/gcc/pic32mx/4.5.1/../../../../pic32mx/lib\libc.a(_fputc_simple.o)
 .debug_frame   0x000016ac       0x28 c:/program files (x86)/microchip/mplabc32/v2.01/bin/../lib/gcc/pic32mx/4.5.1/../../../../pic32mx/lib\libc.a(write.o)
 .debug_frame   0x000016d4       0x28 c:/program files (x86)/microchip/mplabc32/v2.01/bin/../lib/gcc/pic32mx/4.5.1/../../../../pic32mx/lib\libc.a(_flsbuf_simple.o)
 .debug_frame   0x000016fc       0x20 c:/program files (x86)/microchip/mplabc32/v2.01/bin/../lib/gcc/pic32mx/4.5.1/../../../../pic32mx/lib\libc.a(_mon_putc.o)
 .debug_frame   0x0000171c       0x30 c:/program files (x86)/microchip/mplabc32/v2.01/bin/../lib/gcc/pic32mx/4.5.1/../../../../pic32mx/lib\libmchp_peripheral_32MX675F512H.a(pcache.o)
 .debug_frame   0x0000174c       0x20 c:/program files (x86)/microchip/mplabc32/v2.01/bin/../lib/gcc/pic32mx/4.5.1/../../../../pic32mx/lib\libmchp_peripheral_32MX675F512H.a(int_disable_interrupts_lib.o)
 .debug_frame   0x0000176c       0x20 c:/program files (x86)/microchip/mplabc32/v2.01/bin/../lib/gcc/pic32mx/4.5.1/../../../../pic32mx/lib\libmchp_peripheral_32MX675F512H.a(int_restore_interrupts_lib.o)
 .debug_frame   0x0000178c       0x28 c:/program files (x86)/microchip/mplabc32/v2.01/bin/../lib/gcc/pic32mx/4.5.1/../../../../pic32mx/lib\libmchp_peripheral_32MX675F512H.a(int_enable_mv_int_lib.o)
 .debug_frame   0x000017b4       0x34 c:/program files (x86)/microchip/mplabc32/v2.01/bin/../lib/gcc/pic32mx/4.5.1/../../../../pic32mx/lib\libmchp_peripheral_32MX675F512H.a(rtcc_open_lib.o)
 .debug_frame   0x000017e8       0x20 c:/program files (x86)/microchip/mplabc32/v2.01/bin/../lib/gcc/pic32mx/4.5.1/../../../../pic32mx/lib\libmchp_peripheral_32MX675F512H.a(spi_getc_spi2_lib_legacy.o)
 .debug_frame   0x00001808       0x20 c:/program files (x86)/microchip/mplabc32/v2.01/bin/../lib/gcc/pic32mx/4.5.1/../../../../pic32mx/lib\libmchp_peripheral_32MX675F512H.a(spi_open_spi2_lib_legacy.o)
 .debug_frame   0x00001828       0x20 c:/program files (x86)/microchip/mplabc32/v2.01/bin/../lib/gcc/pic32mx/4.5.1/../../../../pic32mx/lib\libmchp_peripheral_32MX675F512H.a(int_enable_interrupts_lib.o)
 .debug_frame   0x00001848       0xa0 c:/program files (x86)/microchip/mplabc32/v2.01/bin/../lib/gcc/pic32mx/4.5.1/../../../../pic32mx/lib\libmchp_peripheral_32MX675F512H.a(int_tbl_lib.o)
 .debug_frame   0x000018e8       0x44 c:/program files (x86)/microchip/mplabc32/v2.01/bin/../lib/gcc/pic32mx/4.5.1/../../../../pic32mx/lib\libmchp_peripheral_32MX675F512H.a(_rtcc_wait_clock_off_lib.o)
 .debug_frame   0x0000192c       0x20 c:/program files (x86)/microchip/mplabc32/v2.01/bin/../lib/gcc/pic32mx/4.5.1/../../../../pic32mx/lib\libmchp_peripheral_32MX675F512H.a(read_core_timer_lib.o)

.debug_str      0x00000000     0x131c
 *(.debug_str)
 .debug_str     0x00000000      0x260 Object - MDD File System-SD Card\SD-SPI.o
 .debug_str     0x00000260      0x646 Object - MDD File System-SD Card\FSIO.o
 .debug_str     0x000008a6      0x17e Object - MDD File System-SD Card\Demonstration1.o
 .debug_str     0x00000a24       0x14 Object - MDD File System-SD Card\buttons.o
 .debug_str     0x00000a38       0x2c Object - MDD File System-SD Card\sendspi.o
 .debug_str     0x00000a64      0x155 Object - MDD File System-SD Card\bitbang.o
 .debug_str     0x00000bb9       0x57 Object - MDD File System-SD Card\battle-p.o
 .debug_str     0x00000c10       0x27 Object - MDD File System-SD Card\eor-p.o
 .debug_str     0x00000c37        0x0 Object - MDD File System-SD Card\game.o
 .debug_str     0x00000c37      0x653 Object - MDD File System-SD Card\global.o
 .debug_str     0x0000128a       0x72 Object - MDD File System-SD Card\input-p.o
 .debug_str     0x000012fc       0x20 Object - MDD File System-SD Card\win-p.o
 .debug_str     0x0000131c        0x0 c:/program files (x86)/microchip/mplabc32/v2.01/bin/../lib/gcc/pic32mx/4.5.1/../../../../pic32mx/lib\libc.a(ctypef.o)
 .debug_str     0x0000131c        0x0 c:/program files (x86)/microchip/mplabc32/v2.01/bin/../lib/gcc/pic32mx/4.5.1/../../../../pic32mx/lib\libc.a(rand.o)
 .debug_str     0x0000131c        0x0 c:/program files (x86)/microchip/mplabc32/v2.01/bin/../lib/gcc/pic32mx/4.5.1/../../../../pic32mx/lib\libc.a(strcat.o)
 .debug_str     0x0000131c        0x0 c:/program files (x86)/microchip/mplabc32/v2.01/bin/../lib/gcc/pic32mx/4.5.1/../../../../pic32mx/lib\libc.a(strncpy.o)
 .debug_str     0x0000131c        0x0 c:/program files (x86)/microchip/mplabc32/v2.01/bin/../lib/gcc/pic32mx/4.5.1/../../../../pic32mx/lib\libc.a(sprintf_cdnopsuxX.eo)
 .debug_str     0x0000131c        0x0 c:/program files (x86)/microchip/mplabc32/v2.01/bin/../lib/gcc/pic32mx/4.5.1/../../../../pic32mx/lib\libc.a(default-general-exception-handler.o)
 .debug_str     0x0000131c        0x0 c:/program files (x86)/microchip/mplabc32/v2.01/bin/../lib/gcc/pic32mx/4.5.1/../../../../pic32mx/lib\libc.a(default-bootstrap-exception-handler.o)
 .debug_str     0x0000131c        0x0 c:/program files (x86)/microchip/mplabc32/v2.01/bin/../lib/gcc/pic32mx/4.5.1/../../../../pic32mx/lib\libc.a(default-on-reset.o)
 .debug_str     0x0000131c        0x0 c:/program files (x86)/microchip/mplabc32/v2.01/bin/../lib/gcc/pic32mx/4.5.1/../../../../pic32mx/lib\libc.a(default-on-bootstrap.o)
 .debug_str     0x0000131c        0x0 c:/program files (x86)/microchip/mplabc32/v2.01/bin/../lib/gcc/pic32mx/4.5.1/../../../../pic32mx/lib\libc.a(ctype.o)
 .debug_str     0x0000131c        0x0 c:/program files (x86)/microchip/mplabc32/v2.01/bin/../lib/gcc/pic32mx/4.5.1/../../../../pic32mx/lib\libc.a(doprnt_cdnopsuxX.eo)
 .debug_str     0x0000131c        0x0 c:/program files (x86)/microchip/mplabc32/v2.01/bin/../lib/gcc/pic32mx/4.5.1/../../../../pic32mx/lib\libc.a(_fputc_simple.o)
 .debug_str     0x0000131c        0x0 c:/program files (x86)/microchip/mplabc32/v2.01/bin/../lib/gcc/pic32mx/4.5.1/../../../../pic32mx/lib\libc.a(write.o)
 .debug_str     0x0000131c        0x0 c:/program files (x86)/microchip/mplabc32/v2.01/bin/../lib/gcc/pic32mx/4.5.1/../../../../pic32mx/lib\libc.a(_iob.o)
 .debug_str     0x0000131c        0x0 c:/program files (x86)/microchip/mplabc32/v2.01/bin/../lib/gcc/pic32mx/4.5.1/../../../../pic32mx/lib\libc.a(_flsbuf_simple.o)
 .debug_str     0x0000131c        0x0 c:/program files (x86)/microchip/mplabc32/v2.01/bin/../lib/gcc/pic32mx/4.5.1/../../../../pic32mx/lib\libc.a(_mon_putc.o)
 .debug_str     0x0000131c        0x0 c:/program files (x86)/microchip/mplabc32/v2.01/bin/../lib/gcc/pic32mx/4.5.1/../../../../pic32mx/lib\libc.a(c32_uart.o)
 .debug_str     0x0000131c        0x0 c:/program files (x86)/microchip/mplabc32/v2.01/bin/../lib/gcc/pic32mx/4.5.1/../../../../pic32mx/lib\libmchp_peripheral_32MX675F512H.a(pcache.o)
 .debug_str     0x0000131c        0x0 c:/program files (x86)/microchip/mplabc32/v2.01/bin/../lib/gcc/pic32mx/4.5.1/../../../../pic32mx/lib\libmchp_peripheral_32MX675F512H.a(int_disable_interrupts_lib.o)
 .debug_str     0x0000131c        0x0 c:/program files (x86)/microchip/mplabc32/v2.01/bin/../lib/gcc/pic32mx/4.5.1/../../../../pic32mx/lib\libmchp_peripheral_32MX675F512H.a(int_restore_interrupts_lib.o)
 .debug_str     0x0000131c        0x0 c:/program files (x86)/microchip/mplabc32/v2.01/bin/../lib/gcc/pic32mx/4.5.1/../../../../pic32mx/lib\libmchp_peripheral_32MX675F512H.a(int_enable_mv_int_lib.o)
 .debug_str     0x0000131c        0x0 c:/program files (x86)/microchip/mplabc32/v2.01/bin/../lib/gcc/pic32mx/4.5.1/../../../../pic32mx/lib\libmchp_peripheral_32MX675F512H.a(rtcc_open_lib.o)
 .debug_str     0x0000131c        0x0 c:/program files (x86)/microchip/mplabc32/v2.01/bin/../lib/gcc/pic32mx/4.5.1/../../../../pic32mx/lib\libmchp_peripheral_32MX675F512H.a(spi_getc_spi2_lib_legacy.o)
 .debug_str     0x0000131c        0x0 c:/program files (x86)/microchip/mplabc32/v2.01/bin/../lib/gcc/pic32mx/4.5.1/../../../../pic32mx/lib\libmchp_peripheral_32MX675F512H.a(spi_open_spi2_lib_legacy.o)
 .debug_str     0x0000131c        0x0 c:/program files (x86)/microchip/mplabc32/v2.01/bin/../lib/gcc/pic32mx/4.5.1/../../../../pic32mx/lib\libmchp_peripheral_32MX675F512H.a(spi_brg_tbl_lib_legacy.o)
 .debug_str     0x0000131c        0x0 c:/program files (x86)/microchip/mplabc32/v2.01/bin/../lib/gcc/pic32mx/4.5.1/../../../../pic32mx/lib\libmchp_peripheral_32MX675F512H.a(int_enable_interrupts_lib.o)
 .debug_str     0x0000131c        0x0 c:/program files (x86)/microchip/mplabc32/v2.01/bin/../lib/gcc/pic32mx/4.5.1/../../../../pic32mx/lib\libmchp_peripheral_32MX675F512H.a(int_tbl_lib.o)